16:10:39 **** Incremental Build of configuration Debug for project 13_1_lowpower_pvd ****
make -j16 all 
arm-none-eabi-gcc "../Core/Src/main.c" -mcpu=cortex-m3 -std=gnu11 -g3 -DDEBUG -DUSE_HAL_DRIVER -DSTM32F103xE -c -I../Core/Inc -I../../../libraries/Drivers/STM32F1xx_HAL_Driver/Inc/Legacy -I../../../libraries/Drivers/STM32F1xx_HAL_Driver/Inc -I../../../libraries/Drivers/CMSIS/Device/ST/STM32F1xx/Include -I../../../libraries/Drivers/CMSIS/Include -I../BSP/LED -I../BSP/KEY -I../BSP/LCD -I../BSP/PWR -O0 -ffunction-sections -fdata-sections -Wall -fstack-usage -fcyclomatic-complexity -MMD -MP -MF"Core/Src/main.d" -MT"Core/Src/main.o" --specs=nano.specs -mfloat-abi=soft -mthumb -o "Core/Src/main.o"
arm-none-eabi-gcc -o "13_1_lowpower_pvd.elf" @"objects.list"   -mcpu=cortex-m3 -T"E:\m144-m3-mini-board-stm32f103\example\13_1_lowpower_pvd\STM32F103ZETX_FLASH.ld" --specs=nosys.specs -Wl,-Map="13_1_lowpower_pvd.map" -Wl,--gc-sections -static --specs=nano.specs -mfloat-abi=soft -mthumb -u _printf_float -Wl,--start-group -lc -lm -Wl,--end-group
Finished building target: 13_1_lowpower_pvd.elf
 
arm-none-eabi-size  13_1_lowpower_pvd.elf 
arm-none-eabi-objdump -h -S 13_1_lowpower_pvd.elf  > "13_1_lowpower_pvd.list"
   text	   data	    bss	    dec	    hex	filename
  51152	    480	   2272	  53904	   d290	13_1_lowpower_pvd.elf
arm-none-eabi-objcopy  -O ihex 13_1_lowpower_pvd.elf  "13_1_lowpower_pvd.hex"
Finished building: default.size.stdout
 
arm-none-eabi-objcopy  -O binary 13_1_lowpower_pvd.elf  "13_1_lowpower_pvd.bin"
Finished building: 13_1_lowpower_pvd.list
Finished building: 13_1_lowpower_pvd.hex
 
 
Finished building: 13_1_lowpower_pvd.bin
 

16:10:44 Build Finished. 0 errors, 0 warnings. (took 4s.754ms)

