12:26:08 **** Incremental Build of configuration Debug for project 15_3_adc_dma_multi_channel ****
make -j16 all 
arm-none-eabi-gcc "E:/m144-m3-mini-board-stm32f103/libraries/Drivers/STM32F1xx_HAL_Driver/Src/Legacy/stm32f1xx_hal_can.c" -mcpu=cortex-m3 -std=gnu11 -g3 -DDEBUG -DUSE_HAL_DRIVER -DSTM32F103xE -c -I../Core/Inc -I../../../libraries/Drivers/STM32F1xx_HAL_Driver/Inc/Legacy -I../../../libraries/Drivers/STM32F1xx_HAL_Driver/Inc -I../../../libraries/Drivers/CMSIS/Device/ST/STM32F1xx/Include -I../../../libraries/Drivers/CMSIS/Include -I../BSP/LED -I../BSP/KEY -I../BSP/LCD -I../Drivers/STM32F1xx_HAL_Driver/Inc/Legacy -I../Drivers/STM32F1xx_HAL_Driver/Inc -I../Drivers/CMSIS/Device/ST/STM32F1xx/Include -I../Drivers/CMSIS/Include -O0 -ffunction-sections -fdata-sections -Wall -fstack-usage -fcyclomatic-complexity -MMD -MP -MF"libraries/Drivers/STM32F1xx_HAL_Driver/Src/Legacy/stm32f1xx_hal_can.d" -MT"libraries/Drivers/STM32F1xx_HAL_Driver/Src/Legacy/stm32f1xx_hal_can.o" --specs=nano.specs -mfloat-abi=soft -mthumb -o "libraries/Drivers/STM32F1xx_HAL_Driver/Src/Legacy/stm32f1xx_hal_can.o"
arm-none-eabi-gcc "E:/m144-m3-mini-board-stm32f103/libraries/Drivers/STM32F1xx_HAL_Driver/Src/stm32f1xx_hal.c" -mcpu=cortex-m3 -std=gnu11 -g3 -DDEBUG -DUSE_HAL_DRIVER -DSTM32F103xE -c -I../Core/Inc -I../../../libraries/Drivers/STM32F1xx_HAL_Driver/Inc/Legacy -I../../../libraries/Drivers/STM32F1xx_HAL_Driver/Inc -I../../../libraries/Drivers/CMSIS/Device/ST/STM32F1xx/Include -I../../../libraries/Drivers/CMSIS/Include -I../BSP/LED -I../BSP/KEY -I../BSP/LCD -I../Drivers/STM32F1xx_HAL_Driver/Inc/Legacy -I../Drivers/STM32F1xx_HAL_Driver/Inc -I../Drivers/CMSIS/Device/ST/STM32F1xx/Include -I../Drivers/CMSIS/Include -O0 -ffunction-sections -fdata-sections -Wall -fstack-usage -fcyclomatic-complexity -MMD -MP -MF"libraries/Drivers/STM32F1xx_HAL_Driver/Src/stm32f1xx_hal.d" -MT"libraries/Drivers/STM32F1xx_HAL_Driver/Src/stm32f1xx_hal.o" --specs=nano.specs -mfloat-abi=soft -mthumb -o "libraries/Drivers/STM32F1xx_HAL_Driver/Src/stm32f1xx_hal.o"
arm-none-eabi-gcc "E:/m144-m3-mini-board-stm32f103/libraries/Drivers/STM32F1xx_HAL_Driver/Src/stm32f1xx_hal_adc.c" -mcpu=cortex-m3 -std=gnu11 -g3 -DDEBUG -DUSE_HAL_DRIVER -DSTM32F103xE -c -I../Core/Inc -I../../../libraries/Drivers/STM32F1xx_HAL_Driver/Inc/Legacy -I../../../libraries/Drivers/STM32F1xx_HAL_Driver/Inc -I../../../libraries/Drivers/CMSIS/Device/ST/STM32F1xx/Include -I../../../libraries/Drivers/CMSIS/Include -I../BSP/LED -I../BSP/KEY -I../BSP/LCD -I../Drivers/STM32F1xx_HAL_Driver/Inc/Legacy -I../Drivers/STM32F1xx_HAL_Driver/Inc -I../Drivers/CMSIS/Device/ST/STM32F1xx/Include -I../Drivers/CMSIS/Include -O0 -ffunction-sections -fdata-sections -Wall -fstack-usage -fcyclomatic-complexity -MMD -MP -MF"libraries/Drivers/STM32F1xx_HAL_Driver/Src/stm32f1xx_hal_adc.d" -MT"libraries/Drivers/STM32F1xx_HAL_Driver/Src/stm32f1xx_hal_adc.o" --specs=nano.specs -mfloat-abi=soft -mthumb -o "libraries/Drivers/STM32F1xx_HAL_Driver/Src/stm32f1xx_hal_adc.o"
arm-none-eabi-gcc "E:/m144-m3-mini-board-stm32f103/libraries/Drivers/STM32F1xx_HAL_Driver/Src/stm32f1xx_hal_adc_ex.c" -mcpu=cortex-m3 -std=gnu11 -g3 -DDEBUG -DUSE_HAL_DRIVER -DSTM32F103xE -c -I../Core/Inc -I../../../libraries/Drivers/STM32F1xx_HAL_Driver/Inc/Legacy -I../../../libraries/Drivers/STM32F1xx_HAL_Driver/Inc -I../../../libraries/Drivers/CMSIS/Device/ST/STM32F1xx/Include -I../../../libraries/Drivers/CMSIS/Include -I../BSP/LED -I../BSP/KEY -I../BSP/LCD -I../Drivers/STM32F1xx_HAL_Driver/Inc/Legacy -I../Drivers/STM32F1xx_HAL_Driver/Inc -I../Drivers/CMSIS/Device/ST/STM32F1xx/Include -I../Drivers/CMSIS/Include -O0 -ffunction-sections -fdata-sections -Wall -fstack-usage -fcyclomatic-complexity -MMD -MP -MF"libraries/Drivers/STM32F1xx_HAL_Driver/Src/stm32f1xx_hal_adc_ex.d" -MT"libraries/Drivers/STM32F1xx_HAL_Driver/Src/stm32f1xx_hal_adc_ex.o" --specs=nano.specs -mfloat-abi=soft -mthumb -o "libraries/Drivers/STM32F1xx_HAL_Driver/Src/stm32f1xx_hal_adc_ex.o"
arm-none-eabi-gcc "E:/m144-m3-mini-board-stm32f103/libraries/Drivers/STM32F1xx_HAL_Driver/Src/stm32f1xx_hal_can.c" -mcpu=cortex-m3 -std=gnu11 -g3 -DDEBUG -DUSE_HAL_DRIVER -DSTM32F103xE -c -I../Core/Inc -I../../../libraries/Drivers/STM32F1xx_HAL_Driver/Inc/Legacy -I../../../libraries/Drivers/STM32F1xx_HAL_Driver/Inc -I../../../libraries/Drivers/CMSIS/Device/ST/STM32F1xx/Include -I../../../libraries/Drivers/CMSIS/Include -I../BSP/LED -I../BSP/KEY -I../BSP/LCD -I../Drivers/STM32F1xx_HAL_Driver/Inc/Legacy -I../Drivers/STM32F1xx_HAL_Driver/Inc -I../Drivers/CMSIS/Device/ST/STM32F1xx/Include -I../Drivers/CMSIS/Include -O0 -ffunction-sections -fdata-sections -Wall -fstack-usage -fcyclomatic-complexity -MMD -MP -MF"libraries/Drivers/STM32F1xx_HAL_Driver/Src/stm32f1xx_hal_can.d" -MT"libraries/Drivers/STM32F1xx_HAL_Driver/Src/stm32f1xx_hal_can.o" --specs=nano.specs -mfloat-abi=soft -mthumb -o "libraries/Drivers/STM32F1xx_HAL_Driver/Src/stm32f1xx_hal_can.o"
arm-none-eabi-gcc "E:/m144-m3-mini-board-stm32f103/libraries/Drivers/STM32F1xx_HAL_Driver/Src/stm32f1xx_hal_cec.c" -mcpu=cortex-m3 -std=gnu11 -g3 -DDEBUG -DUSE_HAL_DRIVER -DSTM32F103xE -c -I../Core/Inc -I../../../libraries/Drivers/STM32F1xx_HAL_Driver/Inc/Legacy -I../../../libraries/Drivers/STM32F1xx_HAL_Driver/Inc -I../../../libraries/Drivers/CMSIS/Device/ST/STM32F1xx/Include -I../../../libraries/Drivers/CMSIS/Include -I../BSP/LED -I../BSP/KEY -I../BSP/LCD -I../Drivers/STM32F1xx_HAL_Driver/Inc/Legacy -I../Drivers/STM32F1xx_HAL_Driver/Inc -I../Drivers/CMSIS/Device/ST/STM32F1xx/Include -I../Drivers/CMSIS/Include -O0 -ffunction-sections -fdata-sections -Wall -fstack-usage -fcyclomatic-complexity -MMD -MP -MF"libraries/Drivers/STM32F1xx_HAL_Driver/Src/stm32f1xx_hal_cec.d" -MT"libraries/Drivers/STM32F1xx_HAL_Driver/Src/stm32f1xx_hal_cec.o" --specs=nano.specs -mfloat-abi=soft -mthumb -o "libraries/Drivers/STM32F1xx_HAL_Driver/Src/stm32f1xx_hal_cec.o"
arm-none-eabi-gcc "E:/m144-m3-mini-board-stm32f103/libraries/Drivers/STM32F1xx_HAL_Driver/Src/stm32f1xx_hal_cortex.c" -mcpu=cortex-m3 -std=gnu11 -g3 -DDEBUG -DUSE_HAL_DRIVER -DSTM32F103xE -c -I../Core/Inc -I../../../libraries/Drivers/STM32F1xx_HAL_Driver/Inc/Legacy -I../../../libraries/Drivers/STM32F1xx_HAL_Driver/Inc -I../../../libraries/Drivers/CMSIS/Device/ST/STM32F1xx/Include -I../../../libraries/Drivers/CMSIS/Include -I../BSP/LED -I../BSP/KEY -I../BSP/LCD -I../Drivers/STM32F1xx_HAL_Driver/Inc/Legacy -I../Drivers/STM32F1xx_HAL_Driver/Inc -I../Drivers/CMSIS/Device/ST/STM32F1xx/Include -I../Drivers/CMSIS/Include -O0 -ffunction-sections -fdata-sections -Wall -fstack-usage -fcyclomatic-complexity -MMD -MP -MF"libraries/Drivers/STM32F1xx_HAL_Driver/Src/stm32f1xx_hal_cortex.d" -MT"libraries/Drivers/STM32F1xx_HAL_Driver/Src/stm32f1xx_hal_cortex.o" --specs=nano.specs -mfloat-abi=soft -mthumb -o "libraries/Drivers/STM32F1xx_HAL_Driver/Src/stm32f1xx_hal_cortex.o"
arm-none-eabi-gcc "E:/m144-m3-mini-board-stm32f103/libraries/Drivers/STM32F1xx_HAL_Driver/Src/stm32f1xx_hal_crc.c" -mcpu=cortex-m3 -std=gnu11 -g3 -DDEBUG -DUSE_HAL_DRIVER -DSTM32F103xE -c -I../Core/Inc -I../../../libraries/Drivers/STM32F1xx_HAL_Driver/Inc/Legacy -I../../../libraries/Drivers/STM32F1xx_HAL_Driver/Inc -I../../../libraries/Drivers/CMSIS/Device/ST/STM32F1xx/Include -I../../../libraries/Drivers/CMSIS/Include -I../BSP/LED -I../BSP/KEY -I../BSP/LCD -I../Drivers/STM32F1xx_HAL_Driver/Inc/Legacy -I../Drivers/STM32F1xx_HAL_Driver/Inc -I../Drivers/CMSIS/Device/ST/STM32F1xx/Include -I../Drivers/CMSIS/Include -O0 -ffunction-sections -fdata-sections -Wall -fstack-usage -fcyclomatic-complexity -MMD -MP -MF"libraries/Drivers/STM32F1xx_HAL_Driver/Src/stm32f1xx_hal_crc.d" -MT"libraries/Drivers/STM32F1xx_HAL_Driver/Src/stm32f1xx_hal_crc.o" --specs=nano.specs -mfloat-abi=soft -mthumb -o "libraries/Drivers/STM32F1xx_HAL_Driver/Src/stm32f1xx_hal_crc.o"
arm-none-eabi-gcc "E:/m144-m3-mini-board-stm32f103/libraries/Drivers/STM32F1xx_HAL_Driver/Src/stm32f1xx_hal_dac.c" -mcpu=cortex-m3 -std=gnu11 -g3 -DDEBUG -DUSE_HAL_DRIVER -DSTM32F103xE -c -I../Core/Inc -I../../../libraries/Drivers/STM32F1xx_HAL_Driver/Inc/Legacy -I../../../libraries/Drivers/STM32F1xx_HAL_Driver/Inc -I../../../libraries/Drivers/CMSIS/Device/ST/STM32F1xx/Include -I../../../libraries/Drivers/CMSIS/Include -I../BSP/LED -I../BSP/KEY -I../BSP/LCD -I../Drivers/STM32F1xx_HAL_Driver/Inc/Legacy -I../Drivers/STM32F1xx_HAL_Driver/Inc -I../Drivers/CMSIS/Device/ST/STM32F1xx/Include -I../Drivers/CMSIS/Include -O0 -ffunction-sections -fdata-sections -Wall -fstack-usage -fcyclomatic-complexity -MMD -MP -MF"libraries/Drivers/STM32F1xx_HAL_Driver/Src/stm32f1xx_hal_dac.d" -MT"libraries/Drivers/STM32F1xx_HAL_Driver/Src/stm32f1xx_hal_dac.o" --specs=nano.specs -mfloat-abi=soft -mthumb -o "libraries/Drivers/STM32F1xx_HAL_Driver/Src/stm32f1xx_hal_dac.o"
arm-none-eabi-gcc "E:/m144-m3-mini-board-stm32f103/libraries/Drivers/STM32F1xx_HAL_Driver/Src/stm32f1xx_hal_dac_ex.c" -mcpu=cortex-m3 -std=gnu11 -g3 -DDEBUG -DUSE_HAL_DRIVER -DSTM32F103xE -c -I../Core/Inc -I../../../libraries/Drivers/STM32F1xx_HAL_Driver/Inc/Legacy -I../../../libraries/Drivers/STM32F1xx_HAL_Driver/Inc -I../../../libraries/Drivers/CMSIS/Device/ST/STM32F1xx/Include -I../../../libraries/Drivers/CMSIS/Include -I../BSP/LED -I../BSP/KEY -I../BSP/LCD -I../Drivers/STM32F1xx_HAL_Driver/Inc/Legacy -I../Drivers/STM32F1xx_HAL_Driver/Inc -I../Drivers/CMSIS/Device/ST/STM32F1xx/Include -I../Drivers/CMSIS/Include -O0 -ffunction-sections -fdata-sections -Wall -fstack-usage -fcyclomatic-complexity -MMD -MP -MF"libraries/Drivers/STM32F1xx_HAL_Driver/Src/stm32f1xx_hal_dac_ex.d" -MT"libraries/Drivers/STM32F1xx_HAL_Driver/Src/stm32f1xx_hal_dac_ex.o" --specs=nano.specs -mfloat-abi=soft -mthumb -o "libraries/Drivers/STM32F1xx_HAL_Driver/Src/stm32f1xx_hal_dac_ex.o"
arm-none-eabi-gcc "E:/m144-m3-mini-board-stm32f103/libraries/Drivers/STM32F1xx_HAL_Driver/Src/stm32f1xx_hal_dma.c" -mcpu=cortex-m3 -std=gnu11 -g3 -DDEBUG -DUSE_HAL_DRIVER -DSTM32F103xE -c -I../Core/Inc -I../../../libraries/Drivers/STM32F1xx_HAL_Driver/Inc/Legacy -I../../../libraries/Drivers/STM32F1xx_HAL_Driver/Inc -I../../../libraries/Drivers/CMSIS/Device/ST/STM32F1xx/Include -I../../../libraries/Drivers/CMSIS/Include -I../BSP/LED -I../BSP/KEY -I../BSP/LCD -I../Drivers/STM32F1xx_HAL_Driver/Inc/Legacy -I../Drivers/STM32F1xx_HAL_Driver/Inc -I../Drivers/CMSIS/Device/ST/STM32F1xx/Include -I../Drivers/CMSIS/Include -O0 -ffunction-sections -fdata-sections -Wall -fstack-usage -fcyclomatic-complexity -MMD -MP -MF"libraries/Drivers/STM32F1xx_HAL_Driver/Src/stm32f1xx_hal_dma.d" -MT"libraries/Drivers/STM32F1xx_HAL_Driver/Src/stm32f1xx_hal_dma.o" --specs=nano.specs -mfloat-abi=soft -mthumb -o "libraries/Drivers/STM32F1xx_HAL_Driver/Src/stm32f1xx_hal_dma.o"
arm-none-eabi-gcc "E:/m144-m3-mini-board-stm32f103/libraries/Drivers/STM32F1xx_HAL_Driver/Src/stm32f1xx_hal_eth.c" -mcpu=cortex-m3 -std=gnu11 -g3 -DDEBUG -DUSE_HAL_DRIVER -DSTM32F103xE -c -I../Core/Inc -I../../../libraries/Drivers/STM32F1xx_HAL_Driver/Inc/Legacy -I../../../libraries/Drivers/STM32F1xx_HAL_Driver/Inc -I../../../libraries/Drivers/CMSIS/Device/ST/STM32F1xx/Include -I../../../libraries/Drivers/CMSIS/Include -I../BSP/LED -I../BSP/KEY -I../BSP/LCD -I../Drivers/STM32F1xx_HAL_Driver/Inc/Legacy -I../Drivers/STM32F1xx_HAL_Driver/Inc -I../Drivers/CMSIS/Device/ST/STM32F1xx/Include -I../Drivers/CMSIS/Include -O0 -ffunction-sections -fdata-sections -Wall -fstack-usage -fcyclomatic-complexity -MMD -MP -MF"libraries/Drivers/STM32F1xx_HAL_Driver/Src/stm32f1xx_hal_eth.d" -MT"libraries/Drivers/STM32F1xx_HAL_Driver/Src/stm32f1xx_hal_eth.o" --specs=nano.specs -mfloat-abi=soft -mthumb -o "libraries/Drivers/STM32F1xx_HAL_Driver/Src/stm32f1xx_hal_eth.o"
arm-none-eabi-gcc "E:/m144-m3-mini-board-stm32f103/libraries/Drivers/STM32F1xx_HAL_Driver/Src/stm32f1xx_hal_exti.c" -mcpu=cortex-m3 -std=gnu11 -g3 -DDEBUG -DUSE_HAL_DRIVER -DSTM32F103xE -c -I../Core/Inc -I../../../libraries/Drivers/STM32F1xx_HAL_Driver/Inc/Legacy -I../../../libraries/Drivers/STM32F1xx_HAL_Driver/Inc -I../../../libraries/Drivers/CMSIS/Device/ST/STM32F1xx/Include -I../../../libraries/Drivers/CMSIS/Include -I../BSP/LED -I../BSP/KEY -I../BSP/LCD -I../Drivers/STM32F1xx_HAL_Driver/Inc/Legacy -I../Drivers/STM32F1xx_HAL_Driver/Inc -I../Drivers/CMSIS/Device/ST/STM32F1xx/Include -I../Drivers/CMSIS/Include -O0 -ffunction-sections -fdata-sections -Wall -fstack-usage -fcyclomatic-complexity -MMD -MP -MF"libraries/Drivers/STM32F1xx_HAL_Driver/Src/stm32f1xx_hal_exti.d" -MT"libraries/Drivers/STM32F1xx_HAL_Driver/Src/stm32f1xx_hal_exti.o" --specs=nano.specs -mfloat-abi=soft -mthumb -o "libraries/Drivers/STM32F1xx_HAL_Driver/Src/stm32f1xx_hal_exti.o"
arm-none-eabi-gcc "E:/m144-m3-mini-board-stm32f103/libraries/Drivers/STM32F1xx_HAL_Driver/Src/stm32f1xx_hal_flash.c" -mcpu=cortex-m3 -std=gnu11 -g3 -DDEBUG -DUSE_HAL_DRIVER -DSTM32F103xE -c -I../Core/Inc -I../../../libraries/Drivers/STM32F1xx_HAL_Driver/Inc/Legacy -I../../../libraries/Drivers/STM32F1xx_HAL_Driver/Inc -I../../../libraries/Drivers/CMSIS/Device/ST/STM32F1xx/Include -I../../../libraries/Drivers/CMSIS/Include -I../BSP/LED -I../BSP/KEY -I../BSP/LCD -I../Drivers/STM32F1xx_HAL_Driver/Inc/Legacy -I../Drivers/STM32F1xx_HAL_Driver/Inc -I../Drivers/CMSIS/Device/ST/STM32F1xx/Include -I../Drivers/CMSIS/Include -O0 -ffunction-sections -fdata-sections -Wall -fstack-usage -fcyclomatic-complexity -MMD -MP -MF"libraries/Drivers/STM32F1xx_HAL_Driver/Src/stm32f1xx_hal_flash.d" -MT"libraries/Drivers/STM32F1xx_HAL_Driver/Src/stm32f1xx_hal_flash.o" --specs=nano.specs -mfloat-abi=soft -mthumb -o "libraries/Drivers/STM32F1xx_HAL_Driver/Src/stm32f1xx_hal_flash.o"
arm-none-eabi-gcc "E:/m144-m3-mini-board-stm32f103/libraries/Drivers/STM32F1xx_HAL_Driver/Src/stm32f1xx_hal_flash_ex.c" -mcpu=cortex-m3 -std=gnu11 -g3 -DDEBUG -DUSE_HAL_DRIVER -DSTM32F103xE -c -I../Core/Inc -I../../../libraries/Drivers/STM32F1xx_HAL_Driver/Inc/Legacy -I../../../libraries/Drivers/STM32F1xx_HAL_Driver/Inc -I../../../libraries/Drivers/CMSIS/Device/ST/STM32F1xx/Include -I../../../libraries/Drivers/CMSIS/Include -I../BSP/LED -I../BSP/KEY -I../BSP/LCD -I../Drivers/STM32F1xx_HAL_Driver/Inc/Legacy -I../Drivers/STM32F1xx_HAL_Driver/Inc -I../Drivers/CMSIS/Device/ST/STM32F1xx/Include -I../Drivers/CMSIS/Include -O0 -ffunction-sections -fdata-sections -Wall -fstack-usage -fcyclomatic-complexity -MMD -MP -MF"libraries/Drivers/STM32F1xx_HAL_Driver/Src/stm32f1xx_hal_flash_ex.d" -MT"libraries/Drivers/STM32F1xx_HAL_Driver/Src/stm32f1xx_hal_flash_ex.o" --specs=nano.specs -mfloat-abi=soft -mthumb -o "libraries/Drivers/STM32F1xx_HAL_Driver/Src/stm32f1xx_hal_flash_ex.o"
arm-none-eabi-gcc "E:/m144-m3-mini-board-stm32f103/libraries/Drivers/STM32F1xx_HAL_Driver/Src/stm32f1xx_hal_gpio.c" -mcpu=cortex-m3 -std=gnu11 -g3 -DDEBUG -DUSE_HAL_DRIVER -DSTM32F103xE -c -I../Core/Inc -I../../../libraries/Drivers/STM32F1xx_HAL_Driver/Inc/Legacy -I../../../libraries/Drivers/STM32F1xx_HAL_Driver/Inc -I../../../libraries/Drivers/CMSIS/Device/ST/STM32F1xx/Include -I../../../libraries/Drivers/CMSIS/Include -I../BSP/LED -I../BSP/KEY -I../BSP/LCD -I../Drivers/STM32F1xx_HAL_Driver/Inc/Legacy -I../Drivers/STM32F1xx_HAL_Driver/Inc -I../Drivers/CMSIS/Device/ST/STM32F1xx/Include -I../Drivers/CMSIS/Include -O0 -ffunction-sections -fdata-sections -Wall -fstack-usage -fcyclomatic-complexity -MMD -MP -MF"libraries/Drivers/STM32F1xx_HAL_Driver/Src/stm32f1xx_hal_gpio.d" -MT"libraries/Drivers/STM32F1xx_HAL_Driver/Src/stm32f1xx_hal_gpio.o" --specs=nano.specs -mfloat-abi=soft -mthumb -o "libraries/Drivers/STM32F1xx_HAL_Driver/Src/stm32f1xx_hal_gpio.o"
arm-none-eabi-gcc "E:/m144-m3-mini-board-stm32f103/libraries/Drivers/STM32F1xx_HAL_Driver/Src/stm32f1xx_hal_gpio_ex.c" -mcpu=cortex-m3 -std=gnu11 -g3 -DDEBUG -DUSE_HAL_DRIVER -DSTM32F103xE -c -I../Core/Inc -I../../../libraries/Drivers/STM32F1xx_HAL_Driver/Inc/Legacy -I../../../libraries/Drivers/STM32F1xx_HAL_Driver/Inc -I../../../libraries/Drivers/CMSIS/Device/ST/STM32F1xx/Include -I../../../libraries/Drivers/CMSIS/Include -I../BSP/LED -I../BSP/KEY -I../BSP/LCD -I../Drivers/STM32F1xx_HAL_Driver/Inc/Legacy -I../Drivers/STM32F1xx_HAL_Driver/Inc -I../Drivers/CMSIS/Device/ST/STM32F1xx/Include -I../Drivers/CMSIS/Include -O0 -ffunction-sections -fdata-sections -Wall -fstack-usage -fcyclomatic-complexity -MMD -MP -MF"libraries/Drivers/STM32F1xx_HAL_Driver/Src/stm32f1xx_hal_gpio_ex.d" -MT"libraries/Drivers/STM32F1xx_HAL_Driver/Src/stm32f1xx_hal_gpio_ex.o" --specs=nano.specs -mfloat-abi=soft -mthumb -o "libraries/Drivers/STM32F1xx_HAL_Driver/Src/stm32f1xx_hal_gpio_ex.o"
arm-none-eabi-gcc "E:/m144-m3-mini-board-stm32f103/libraries/Drivers/STM32F1xx_HAL_Driver/Src/stm32f1xx_hal_hcd.c" -mcpu=cortex-m3 -std=gnu11 -g3 -DDEBUG -DUSE_HAL_DRIVER -DSTM32F103xE -c -I../Core/Inc -I../../../libraries/Drivers/STM32F1xx_HAL_Driver/Inc/Legacy -I../../../libraries/Drivers/STM32F1xx_HAL_Driver/Inc -I../../../libraries/Drivers/CMSIS/Device/ST/STM32F1xx/Include -I../../../libraries/Drivers/CMSIS/Include -I../BSP/LED -I../BSP/KEY -I../BSP/LCD -I../Drivers/STM32F1xx_HAL_Driver/Inc/Legacy -I../Drivers/STM32F1xx_HAL_Driver/Inc -I../Drivers/CMSIS/Device/ST/STM32F1xx/Include -I../Drivers/CMSIS/Include -O0 -ffunction-sections -fdata-sections -Wall -fstack-usage -fcyclomatic-complexity -MMD -MP -MF"libraries/Drivers/STM32F1xx_HAL_Driver/Src/stm32f1xx_hal_hcd.d" -MT"libraries/Drivers/STM32F1xx_HAL_Driver/Src/stm32f1xx_hal_hcd.o" --specs=nano.specs -mfloat-abi=soft -mthumb -o "libraries/Drivers/STM32F1xx_HAL_Driver/Src/stm32f1xx_hal_hcd.o"
arm-none-eabi-gcc "E:/m144-m3-mini-board-stm32f103/libraries/Drivers/STM32F1xx_HAL_Driver/Src/stm32f1xx_hal_i2c.c" -mcpu=cortex-m3 -std=gnu11 -g3 -DDEBUG -DUSE_HAL_DRIVER -DSTM32F103xE -c -I../Core/Inc -I../../../libraries/Drivers/STM32F1xx_HAL_Driver/Inc/Legacy -I../../../libraries/Drivers/STM32F1xx_HAL_Driver/Inc -I../../../libraries/Drivers/CMSIS/Device/ST/STM32F1xx/Include -I../../../libraries/Drivers/CMSIS/Include -I../BSP/LED -I../BSP/KEY -I../BSP/LCD -I../Drivers/STM32F1xx_HAL_Driver/Inc/Legacy -I../Drivers/STM32F1xx_HAL_Driver/Inc -I../Drivers/CMSIS/Device/ST/STM32F1xx/Include -I../Drivers/CMSIS/Include -O0 -ffunction-sections -fdata-sections -Wall -fstack-usage -fcyclomatic-complexity -MMD -MP -MF"libraries/Drivers/STM32F1xx_HAL_Driver/Src/stm32f1xx_hal_i2c.d" -MT"libraries/Drivers/STM32F1xx_HAL_Driver/Src/stm32f1xx_hal_i2c.o" --specs=nano.specs -mfloat-abi=soft -mthumb -o "libraries/Drivers/STM32F1xx_HAL_Driver/Src/stm32f1xx_hal_i2c.o"
arm-none-eabi-gcc "E:/m144-m3-mini-board-stm32f103/libraries/Drivers/STM32F1xx_HAL_Driver/Src/stm32f1xx_hal_i2s.c" -mcpu=cortex-m3 -std=gnu11 -g3 -DDEBUG -DUSE_HAL_DRIVER -DSTM32F103xE -c -I../Core/Inc -I../../../libraries/Drivers/STM32F1xx_HAL_Driver/Inc/Legacy -I../../../libraries/Drivers/STM32F1xx_HAL_Driver/Inc -I../../../libraries/Drivers/CMSIS/Device/ST/STM32F1xx/Include -I../../../libraries/Drivers/CMSIS/Include -I../BSP/LED -I../BSP/KEY -I../BSP/LCD -I../Drivers/STM32F1xx_HAL_Driver/Inc/Legacy -I../Drivers/STM32F1xx_HAL_Driver/Inc -I../Drivers/CMSIS/Device/ST/STM32F1xx/Include -I../Drivers/CMSIS/Include -O0 -ffunction-sections -fdata-sections -Wall -fstack-usage -fcyclomatic-complexity -MMD -MP -MF"libraries/Drivers/STM32F1xx_HAL_Driver/Src/stm32f1xx_hal_i2s.d" -MT"libraries/Drivers/STM32F1xx_HAL_Driver/Src/stm32f1xx_hal_i2s.o" --specs=nano.specs -mfloat-abi=soft -mthumb -o "libraries/Drivers/STM32F1xx_HAL_Driver/Src/stm32f1xx_hal_i2s.o"
arm-none-eabi-gcc "E:/m144-m3-mini-board-stm32f103/libraries/Drivers/STM32F1xx_HAL_Driver/Src/stm32f1xx_hal_irda.c" -mcpu=cortex-m3 -std=gnu11 -g3 -DDEBUG -DUSE_HAL_DRIVER -DSTM32F103xE -c -I../Core/Inc -I../../../libraries/Drivers/STM32F1xx_HAL_Driver/Inc/Legacy -I../../../libraries/Drivers/STM32F1xx_HAL_Driver/Inc -I../../../libraries/Drivers/CMSIS/Device/ST/STM32F1xx/Include -I../../../libraries/Drivers/CMSIS/Include -I../BSP/LED -I../BSP/KEY -I../BSP/LCD -I../Drivers/STM32F1xx_HAL_Driver/Inc/Legacy -I../Drivers/STM32F1xx_HAL_Driver/Inc -I../Drivers/CMSIS/Device/ST/STM32F1xx/Include -I../Drivers/CMSIS/Include -O0 -ffunction-sections -fdata-sections -Wall -fstack-usage -fcyclomatic-complexity -MMD -MP -MF"libraries/Drivers/STM32F1xx_HAL_Driver/Src/stm32f1xx_hal_irda.d" -MT"libraries/Drivers/STM32F1xx_HAL_Driver/Src/stm32f1xx_hal_irda.o" --specs=nano.specs -mfloat-abi=soft -mthumb -o "libraries/Drivers/STM32F1xx_HAL_Driver/Src/stm32f1xx_hal_irda.o"
arm-none-eabi-gcc "E:/m144-m3-mini-board-stm32f103/libraries/Drivers/STM32F1xx_HAL_Driver/Src/stm32f1xx_hal_iwdg.c" -mcpu=cortex-m3 -std=gnu11 -g3 -DDEBUG -DUSE_HAL_DRIVER -DSTM32F103xE -c -I../Core/Inc -I../../../libraries/Drivers/STM32F1xx_HAL_Driver/Inc/Legacy -I../../../libraries/Drivers/STM32F1xx_HAL_Driver/Inc -I../../../libraries/Drivers/CMSIS/Device/ST/STM32F1xx/Include -I../../../libraries/Drivers/CMSIS/Include -I../BSP/LED -I../BSP/KEY -I../BSP/LCD -I../Drivers/STM32F1xx_HAL_Driver/Inc/Legacy -I../Drivers/STM32F1xx_HAL_Driver/Inc -I../Drivers/CMSIS/Device/ST/STM32F1xx/Include -I../Drivers/CMSIS/Include -O0 -ffunction-sections -fdata-sections -Wall -fstack-usage -fcyclomatic-complexity -MMD -MP -MF"libraries/Drivers/STM32F1xx_HAL_Driver/Src/stm32f1xx_hal_iwdg.d" -MT"libraries/Drivers/STM32F1xx_HAL_Driver/Src/stm32f1xx_hal_iwdg.o" --specs=nano.specs -mfloat-abi=soft -mthumb -o "libraries/Drivers/STM32F1xx_HAL_Driver/Src/stm32f1xx_hal_iwdg.o"
arm-none-eabi-gcc "E:/m144-m3-mini-board-stm32f103/libraries/Drivers/STM32F1xx_HAL_Driver/Src/stm32f1xx_hal_mmc.c" -mcpu=cortex-m3 -std=gnu11 -g3 -DDEBUG -DUSE_HAL_DRIVER -DSTM32F103xE -c -I../Core/Inc -I../../../libraries/Drivers/STM32F1xx_HAL_Driver/Inc/Legacy -I../../../libraries/Drivers/STM32F1xx_HAL_Driver/Inc -I../../../libraries/Drivers/CMSIS/Device/ST/STM32F1xx/Include -I../../../libraries/Drivers/CMSIS/Include -I../BSP/LED -I../BSP/KEY -I../BSP/LCD -I../Drivers/STM32F1xx_HAL_Driver/Inc/Legacy -I../Drivers/STM32F1xx_HAL_Driver/Inc -I../Drivers/CMSIS/Device/ST/STM32F1xx/Include -I../Drivers/CMSIS/Include -O0 -ffunction-sections -fdata-sections -Wall -fstack-usage -fcyclomatic-complexity -MMD -MP -MF"libraries/Drivers/STM32F1xx_HAL_Driver/Src/stm32f1xx_hal_mmc.d" -MT"libraries/Drivers/STM32F1xx_HAL_Driver/Src/stm32f1xx_hal_mmc.o" --specs=nano.specs -mfloat-abi=soft -mthumb -o "libraries/Drivers/STM32F1xx_HAL_Driver/Src/stm32f1xx_hal_mmc.o"
arm-none-eabi-gcc "E:/m144-m3-mini-board-stm32f103/libraries/Drivers/STM32F1xx_HAL_Driver/Src/stm32f1xx_hal_nand.c" -mcpu=cortex-m3 -std=gnu11 -g3 -DDEBUG -DUSE_HAL_DRIVER -DSTM32F103xE -c -I../Core/Inc -I../../../libraries/Drivers/STM32F1xx_HAL_Driver/Inc/Legacy -I../../../libraries/Drivers/STM32F1xx_HAL_Driver/Inc -I../../../libraries/Drivers/CMSIS/Device/ST/STM32F1xx/Include -I../../../libraries/Drivers/CMSIS/Include -I../BSP/LED -I../BSP/KEY -I../BSP/LCD -I../Drivers/STM32F1xx_HAL_Driver/Inc/Legacy -I../Drivers/STM32F1xx_HAL_Driver/Inc -I../Drivers/CMSIS/Device/ST/STM32F1xx/Include -I../Drivers/CMSIS/Include -O0 -ffunction-sections -fdata-sections -Wall -fstack-usage -fcyclomatic-complexity -MMD -MP -MF"libraries/Drivers/STM32F1xx_HAL_Driver/Src/stm32f1xx_hal_nand.d" -MT"libraries/Drivers/STM32F1xx_HAL_Driver/Src/stm32f1xx_hal_nand.o" --specs=nano.specs -mfloat-abi=soft -mthumb -o "libraries/Drivers/STM32F1xx_HAL_Driver/Src/stm32f1xx_hal_nand.o"
arm-none-eabi-gcc "E:/m144-m3-mini-board-stm32f103/libraries/Drivers/STM32F1xx_HAL_Driver/Src/stm32f1xx_hal_nor.c" -mcpu=cortex-m3 -std=gnu11 -g3 -DDEBUG -DUSE_HAL_DRIVER -DSTM32F103xE -c -I../Core/Inc -I../../../libraries/Drivers/STM32F1xx_HAL_Driver/Inc/Legacy -I../../../libraries/Drivers/STM32F1xx_HAL_Driver/Inc -I../../../libraries/Drivers/CMSIS/Device/ST/STM32F1xx/Include -I../../../libraries/Drivers/CMSIS/Include -I../BSP/LED -I../BSP/KEY -I../BSP/LCD -I../Drivers/STM32F1xx_HAL_Driver/Inc/Legacy -I../Drivers/STM32F1xx_HAL_Driver/Inc -I../Drivers/CMSIS/Device/ST/STM32F1xx/Include -I../Drivers/CMSIS/Include -O0 -ffunction-sections -fdata-sections -Wall -fstack-usage -fcyclomatic-complexity -MMD -MP -MF"libraries/Drivers/STM32F1xx_HAL_Driver/Src/stm32f1xx_hal_nor.d" -MT"libraries/Drivers/STM32F1xx_HAL_Driver/Src/stm32f1xx_hal_nor.o" --specs=nano.specs -mfloat-abi=soft -mthumb -o "libraries/Drivers/STM32F1xx_HAL_Driver/Src/stm32f1xx_hal_nor.o"
arm-none-eabi-gcc "E:/m144-m3-mini-board-stm32f103/libraries/Drivers/STM32F1xx_HAL_Driver/Src/stm32f1xx_hal_pccard.c" -mcpu=cortex-m3 -std=gnu11 -g3 -DDEBUG -DUSE_HAL_DRIVER -DSTM32F103xE -c -I../Core/Inc -I../../../libraries/Drivers/STM32F1xx_HAL_Driver/Inc/Legacy -I../../../libraries/Drivers/STM32F1xx_HAL_Driver/Inc -I../../../libraries/Drivers/CMSIS/Device/ST/STM32F1xx/Include -I../../../libraries/Drivers/CMSIS/Include -I../BSP/LED -I../BSP/KEY -I../BSP/LCD -I../Drivers/STM32F1xx_HAL_Driver/Inc/Legacy -I../Drivers/STM32F1xx_HAL_Driver/Inc -I../Drivers/CMSIS/Device/ST/STM32F1xx/Include -I../Drivers/CMSIS/Include -O0 -ffunction-sections -fdata-sections -Wall -fstack-usage -fcyclomatic-complexity -MMD -MP -MF"libraries/Drivers/STM32F1xx_HAL_Driver/Src/stm32f1xx_hal_pccard.d" -MT"libraries/Drivers/STM32F1xx_HAL_Driver/Src/stm32f1xx_hal_pccard.o" --specs=nano.specs -mfloat-abi=soft -mthumb -o "libraries/Drivers/STM32F1xx_HAL_Driver/Src/stm32f1xx_hal_pccard.o"
arm-none-eabi-gcc "E:/m144-m3-mini-board-stm32f103/libraries/Drivers/STM32F1xx_HAL_Driver/Src/stm32f1xx_hal_pcd.c" -mcpu=cortex-m3 -std=gnu11 -g3 -DDEBUG -DUSE_HAL_DRIVER -DSTM32F103xE -c -I../Core/Inc -I../../../libraries/Drivers/STM32F1xx_HAL_Driver/Inc/Legacy -I../../../libraries/Drivers/STM32F1xx_HAL_Driver/Inc -I../../../libraries/Drivers/CMSIS/Device/ST/STM32F1xx/Include -I../../../libraries/Drivers/CMSIS/Include -I../BSP/LED -I../BSP/KEY -I../BSP/LCD -I../Drivers/STM32F1xx_HAL_Driver/Inc/Legacy -I../Drivers/STM32F1xx_HAL_Driver/Inc -I../Drivers/CMSIS/Device/ST/STM32F1xx/Include -I../Drivers/CMSIS/Include -O0 -ffunction-sections -fdata-sections -Wall -fstack-usage -fcyclomatic-complexity -MMD -MP -MF"libraries/Drivers/STM32F1xx_HAL_Driver/Src/stm32f1xx_hal_pcd.d" -MT"libraries/Drivers/STM32F1xx_HAL_Driver/Src/stm32f1xx_hal_pcd.o" --specs=nano.specs -mfloat-abi=soft -mthumb -o "libraries/Drivers/STM32F1xx_HAL_Driver/Src/stm32f1xx_hal_pcd.o"
arm-none-eabi-gcc "E:/m144-m3-mini-board-stm32f103/libraries/Drivers/STM32F1xx_HAL_Driver/Src/stm32f1xx_hal_pcd_ex.c" -mcpu=cortex-m3 -std=gnu11 -g3 -DDEBUG -DUSE_HAL_DRIVER -DSTM32F103xE -c -I../Core/Inc -I../../../libraries/Drivers/STM32F1xx_HAL_Driver/Inc/Legacy -I../../../libraries/Drivers/STM32F1xx_HAL_Driver/Inc -I../../../libraries/Drivers/CMSIS/Device/ST/STM32F1xx/Include -I../../../libraries/Drivers/CMSIS/Include -I../BSP/LED -I../BSP/KEY -I../BSP/LCD -I../Drivers/STM32F1xx_HAL_Driver/Inc/Legacy -I../Drivers/STM32F1xx_HAL_Driver/Inc -I../Drivers/CMSIS/Device/ST/STM32F1xx/Include -I../Drivers/CMSIS/Include -O0 -ffunction-sections -fdata-sections -Wall -fstack-usage -fcyclomatic-complexity -MMD -MP -MF"libraries/Drivers/STM32F1xx_HAL_Driver/Src/stm32f1xx_hal_pcd_ex.d" -MT"libraries/Drivers/STM32F1xx_HAL_Driver/Src/stm32f1xx_hal_pcd_ex.o" --specs=nano.specs -mfloat-abi=soft -mthumb -o "libraries/Drivers/STM32F1xx_HAL_Driver/Src/stm32f1xx_hal_pcd_ex.o"
arm-none-eabi-gcc "E:/m144-m3-mini-board-stm32f103/libraries/Drivers/STM32F1xx_HAL_Driver/Src/stm32f1xx_hal_pwr.c" -mcpu=cortex-m3 -std=gnu11 -g3 -DDEBUG -DUSE_HAL_DRIVER -DSTM32F103xE -c -I../Core/Inc -I../../../libraries/Drivers/STM32F1xx_HAL_Driver/Inc/Legacy -I../../../libraries/Drivers/STM32F1xx_HAL_Driver/Inc -I../../../libraries/Drivers/CMSIS/Device/ST/STM32F1xx/Include -I../../../libraries/Drivers/CMSIS/Include -I../BSP/LED -I../BSP/KEY -I../BSP/LCD -I../Drivers/STM32F1xx_HAL_Driver/Inc/Legacy -I../Drivers/STM32F1xx_HAL_Driver/Inc -I../Drivers/CMSIS/Device/ST/STM32F1xx/Include -I../Drivers/CMSIS/Include -O0 -ffunction-sections -fdata-sections -Wall -fstack-usage -fcyclomatic-complexity -MMD -MP -MF"libraries/Drivers/STM32F1xx_HAL_Driver/Src/stm32f1xx_hal_pwr.d" -MT"libraries/Drivers/STM32F1xx_HAL_Driver/Src/stm32f1xx_hal_pwr.o" --specs=nano.specs -mfloat-abi=soft -mthumb -o "libraries/Drivers/STM32F1xx_HAL_Driver/Src/stm32f1xx_hal_pwr.o"
arm-none-eabi-gcc "E:/m144-m3-mini-board-stm32f103/libraries/Drivers/STM32F1xx_HAL_Driver/Src/stm32f1xx_hal_rcc.c" -mcpu=cortex-m3 -std=gnu11 -g3 -DDEBUG -DUSE_HAL_DRIVER -DSTM32F103xE -c -I../Core/Inc -I../../../libraries/Drivers/STM32F1xx_HAL_Driver/Inc/Legacy -I../../../libraries/Drivers/STM32F1xx_HAL_Driver/Inc -I../../../libraries/Drivers/CMSIS/Device/ST/STM32F1xx/Include -I../../../libraries/Drivers/CMSIS/Include -I../BSP/LED -I../BSP/KEY -I../BSP/LCD -I../Drivers/STM32F1xx_HAL_Driver/Inc/Legacy -I../Drivers/STM32F1xx_HAL_Driver/Inc -I../Drivers/CMSIS/Device/ST/STM32F1xx/Include -I../Drivers/CMSIS/Include -O0 -ffunction-sections -fdata-sections -Wall -fstack-usage -fcyclomatic-complexity -MMD -MP -MF"libraries/Drivers/STM32F1xx_HAL_Driver/Src/stm32f1xx_hal_rcc.d" -MT"libraries/Drivers/STM32F1xx_HAL_Driver/Src/stm32f1xx_hal_rcc.o" --specs=nano.specs -mfloat-abi=soft -mthumb -o "libraries/Drivers/STM32F1xx_HAL_Driver/Src/stm32f1xx_hal_rcc.o"
arm-none-eabi-gcc "E:/m144-m3-mini-board-stm32f103/libraries/Drivers/STM32F1xx_HAL_Driver/Src/stm32f1xx_hal_rcc_ex.c" -mcpu=cortex-m3 -std=gnu11 -g3 -DDEBUG -DUSE_HAL_DRIVER -DSTM32F103xE -c -I../Core/Inc -I../../../libraries/Drivers/STM32F1xx_HAL_Driver/Inc/Legacy -I../../../libraries/Drivers/STM32F1xx_HAL_Driver/Inc -I../../../libraries/Drivers/CMSIS/Device/ST/STM32F1xx/Include -I../../../libraries/Drivers/CMSIS/Include -I../BSP/LED -I../BSP/KEY -I../BSP/LCD -I../Drivers/STM32F1xx_HAL_Driver/Inc/Legacy -I../Drivers/STM32F1xx_HAL_Driver/Inc -I../Drivers/CMSIS/Device/ST/STM32F1xx/Include -I../Drivers/CMSIS/Include -O0 -ffunction-sections -fdata-sections -Wall -fstack-usage -fcyclomatic-complexity -MMD -MP -MF"libraries/Drivers/STM32F1xx_HAL_Driver/Src/stm32f1xx_hal_rcc_ex.d" -MT"libraries/Drivers/STM32F1xx_HAL_Driver/Src/stm32f1xx_hal_rcc_ex.o" --specs=nano.specs -mfloat-abi=soft -mthumb -o "libraries/Drivers/STM32F1xx_HAL_Driver/Src/stm32f1xx_hal_rcc_ex.o"
arm-none-eabi-gcc "E:/m144-m3-mini-board-stm32f103/libraries/Drivers/STM32F1xx_HAL_Driver/Src/stm32f1xx_hal_rtc.c" -mcpu=cortex-m3 -std=gnu11 -g3 -DDEBUG -DUSE_HAL_DRIVER -DSTM32F103xE -c -I../Core/Inc -I../../../libraries/Drivers/STM32F1xx_HAL_Driver/Inc/Legacy -I../../../libraries/Drivers/STM32F1xx_HAL_Driver/Inc -I../../../libraries/Drivers/CMSIS/Device/ST/STM32F1xx/Include -I../../../libraries/Drivers/CMSIS/Include -I../BSP/LED -I../BSP/KEY -I../BSP/LCD -I../Drivers/STM32F1xx_HAL_Driver/Inc/Legacy -I../Drivers/STM32F1xx_HAL_Driver/Inc -I../Drivers/CMSIS/Device/ST/STM32F1xx/Include -I../Drivers/CMSIS/Include -O0 -ffunction-sections -fdata-sections -Wall -fstack-usage -fcyclomatic-complexity -MMD -MP -MF"libraries/Drivers/STM32F1xx_HAL_Driver/Src/stm32f1xx_hal_rtc.d" -MT"libraries/Drivers/STM32F1xx_HAL_Driver/Src/stm32f1xx_hal_rtc.o" --specs=nano.specs -mfloat-abi=soft -mthumb -o "libraries/Drivers/STM32F1xx_HAL_Driver/Src/stm32f1xx_hal_rtc.o"
arm-none-eabi-gcc "E:/m144-m3-mini-board-stm32f103/libraries/Drivers/STM32F1xx_HAL_Driver/Src/stm32f1xx_hal_rtc_ex.c" -mcpu=cortex-m3 -std=gnu11 -g3 -DDEBUG -DUSE_HAL_DRIVER -DSTM32F103xE -c -I../Core/Inc -I../../../libraries/Drivers/STM32F1xx_HAL_Driver/Inc/Legacy -I../../../libraries/Drivers/STM32F1xx_HAL_Driver/Inc -I../../../libraries/Drivers/CMSIS/Device/ST/STM32F1xx/Include -I../../../libraries/Drivers/CMSIS/Include -I../BSP/LED -I../BSP/KEY -I../BSP/LCD -I../Drivers/STM32F1xx_HAL_Driver/Inc/Legacy -I../Drivers/STM32F1xx_HAL_Driver/Inc -I../Drivers/CMSIS/Device/ST/STM32F1xx/Include -I../Drivers/CMSIS/Include -O0 -ffunction-sections -fdata-sections -Wall -fstack-usage -fcyclomatic-complexity -MMD -MP -MF"libraries/Drivers/STM32F1xx_HAL_Driver/Src/stm32f1xx_hal_rtc_ex.d" -MT"libraries/Drivers/STM32F1xx_HAL_Driver/Src/stm32f1xx_hal_rtc_ex.o" --specs=nano.specs -mfloat-abi=soft -mthumb -o "libraries/Drivers/STM32F1xx_HAL_Driver/Src/stm32f1xx_hal_rtc_ex.o"
arm-none-eabi-gcc "E:/m144-m3-mini-board-stm32f103/libraries/Drivers/STM32F1xx_HAL_Driver/Src/stm32f1xx_hal_sd.c" -mcpu=cortex-m3 -std=gnu11 -g3 -DDEBUG -DUSE_HAL_DRIVER -DSTM32F103xE -c -I../Core/Inc -I../../../libraries/Drivers/STM32F1xx_HAL_Driver/Inc/Legacy -I../../../libraries/Drivers/STM32F1xx_HAL_Driver/Inc -I../../../libraries/Drivers/CMSIS/Device/ST/STM32F1xx/Include -I../../../libraries/Drivers/CMSIS/Include -I../BSP/LED -I../BSP/KEY -I../BSP/LCD -I../Drivers/STM32F1xx_HAL_Driver/Inc/Legacy -I../Drivers/STM32F1xx_HAL_Driver/Inc -I../Drivers/CMSIS/Device/ST/STM32F1xx/Include -I../Drivers/CMSIS/Include -O0 -ffunction-sections -fdata-sections -Wall -fstack-usage -fcyclomatic-complexity -MMD -MP -MF"libraries/Drivers/STM32F1xx_HAL_Driver/Src/stm32f1xx_hal_sd.d" -MT"libraries/Drivers/STM32F1xx_HAL_Driver/Src/stm32f1xx_hal_sd.o" --specs=nano.specs -mfloat-abi=soft -mthumb -o "libraries/Drivers/STM32F1xx_HAL_Driver/Src/stm32f1xx_hal_sd.o"
arm-none-eabi-gcc "E:/m144-m3-mini-board-stm32f103/libraries/Drivers/STM32F1xx_HAL_Driver/Src/stm32f1xx_hal_smartcard.c" -mcpu=cortex-m3 -std=gnu11 -g3 -DDEBUG -DUSE_HAL_DRIVER -DSTM32F103xE -c -I../Core/Inc -I../../../libraries/Drivers/STM32F1xx_HAL_Driver/Inc/Legacy -I../../../libraries/Drivers/STM32F1xx_HAL_Driver/Inc -I../../../libraries/Drivers/CMSIS/Device/ST/STM32F1xx/Include -I../../../libraries/Drivers/CMSIS/Include -I../BSP/LED -I../BSP/KEY -I../BSP/LCD -I../Drivers/STM32F1xx_HAL_Driver/Inc/Legacy -I../Drivers/STM32F1xx_HAL_Driver/Inc -I../Drivers/CMSIS/Device/ST/STM32F1xx/Include -I../Drivers/CMSIS/Include -O0 -ffunction-sections -fdata-sections -Wall -fstack-usage -fcyclomatic-complexity -MMD -MP -MF"libraries/Drivers/STM32F1xx_HAL_Driver/Src/stm32f1xx_hal_smartcard.d" -MT"libraries/Drivers/STM32F1xx_HAL_Driver/Src/stm32f1xx_hal_smartcard.o" --specs=nano.specs -mfloat-abi=soft -mthumb -o "libraries/Drivers/STM32F1xx_HAL_Driver/Src/stm32f1xx_hal_smartcard.o"
arm-none-eabi-gcc "E:/m144-m3-mini-board-stm32f103/libraries/Drivers/STM32F1xx_HAL_Driver/Src/stm32f1xx_hal_spi.c" -mcpu=cortex-m3 -std=gnu11 -g3 -DDEBUG -DUSE_HAL_DRIVER -DSTM32F103xE -c -I../Core/Inc -I../../../libraries/Drivers/STM32F1xx_HAL_Driver/Inc/Legacy -I../../../libraries/Drivers/STM32F1xx_HAL_Driver/Inc -I../../../libraries/Drivers/CMSIS/Device/ST/STM32F1xx/Include -I../../../libraries/Drivers/CMSIS/Include -I../BSP/LED -I../BSP/KEY -I../BSP/LCD -I../Drivers/STM32F1xx_HAL_Driver/Inc/Legacy -I../Drivers/STM32F1xx_HAL_Driver/Inc -I../Drivers/CMSIS/Device/ST/STM32F1xx/Include -I../Drivers/CMSIS/Include -O0 -ffunction-sections -fdata-sections -Wall -fstack-usage -fcyclomatic-complexity -MMD -MP -MF"libraries/Drivers/STM32F1xx_HAL_Driver/Src/stm32f1xx_hal_spi.d" -MT"libraries/Drivers/STM32F1xx_HAL_Driver/Src/stm32f1xx_hal_spi.o" --specs=nano.specs -mfloat-abi=soft -mthumb -o "libraries/Drivers/STM32F1xx_HAL_Driver/Src/stm32f1xx_hal_spi.o"
arm-none-eabi-gcc "E:/m144-m3-mini-board-stm32f103/libraries/Drivers/STM32F1xx_HAL_Driver/Src/stm32f1xx_hal_sram.c" -mcpu=cortex-m3 -std=gnu11 -g3 -DDEBUG -DUSE_HAL_DRIVER -DSTM32F103xE -c -I../Core/Inc -I../../../libraries/Drivers/STM32F1xx_HAL_Driver/Inc/Legacy -I../../../libraries/Drivers/STM32F1xx_HAL_Driver/Inc -I../../../libraries/Drivers/CMSIS/Device/ST/STM32F1xx/Include -I../../../libraries/Drivers/CMSIS/Include -I../BSP/LED -I../BSP/KEY -I../BSP/LCD -I../Drivers/STM32F1xx_HAL_Driver/Inc/Legacy -I../Drivers/STM32F1xx_HAL_Driver/Inc -I../Drivers/CMSIS/Device/ST/STM32F1xx/Include -I../Drivers/CMSIS/Include -O0 -ffunction-sections -fdata-sections -Wall -fstack-usage -fcyclomatic-complexity -MMD -MP -MF"libraries/Drivers/STM32F1xx_HAL_Driver/Src/stm32f1xx_hal_sram.d" -MT"libraries/Drivers/STM32F1xx_HAL_Driver/Src/stm32f1xx_hal_sram.o" --specs=nano.specs -mfloat-abi=soft -mthumb -o "libraries/Drivers/STM32F1xx_HAL_Driver/Src/stm32f1xx_hal_sram.o"
arm-none-eabi-gcc "E:/m144-m3-mini-board-stm32f103/libraries/Drivers/STM32F1xx_HAL_Driver/Src/stm32f1xx_hal_tim.c" -mcpu=cortex-m3 -std=gnu11 -g3 -DDEBUG -DUSE_HAL_DRIVER -DSTM32F103xE -c -I../Core/Inc -I../../../libraries/Drivers/STM32F1xx_HAL_Driver/Inc/Legacy -I../../../libraries/Drivers/STM32F1xx_HAL_Driver/Inc -I../../../libraries/Drivers/CMSIS/Device/ST/STM32F1xx/Include -I../../../libraries/Drivers/CMSIS/Include -I../BSP/LED -I../BSP/KEY -I../BSP/LCD -I../Drivers/STM32F1xx_HAL_Driver/Inc/Legacy -I../Drivers/STM32F1xx_HAL_Driver/Inc -I../Drivers/CMSIS/Device/ST/STM32F1xx/Include -I../Drivers/CMSIS/Include -O0 -ffunction-sections -fdata-sections -Wall -fstack-usage -fcyclomatic-complexity -MMD -MP -MF"libraries/Drivers/STM32F1xx_HAL_Driver/Src/stm32f1xx_hal_tim.d" -MT"libraries/Drivers/STM32F1xx_HAL_Driver/Src/stm32f1xx_hal_tim.o" --specs=nano.specs -mfloat-abi=soft -mthumb -o "libraries/Drivers/STM32F1xx_HAL_Driver/Src/stm32f1xx_hal_tim.o"
arm-none-eabi-gcc "E:/m144-m3-mini-board-stm32f103/libraries/Drivers/STM32F1xx_HAL_Driver/Src/stm32f1xx_hal_tim_ex.c" -mcpu=cortex-m3 -std=gnu11 -g3 -DDEBUG -DUSE_HAL_DRIVER -DSTM32F103xE -c -I../Core/Inc -I../../../libraries/Drivers/STM32F1xx_HAL_Driver/Inc/Legacy -I../../../libraries/Drivers/STM32F1xx_HAL_Driver/Inc -I../../../libraries/Drivers/CMSIS/Device/ST/STM32F1xx/Include -I../../../libraries/Drivers/CMSIS/Include -I../BSP/LED -I../BSP/KEY -I../BSP/LCD -I../Drivers/STM32F1xx_HAL_Driver/Inc/Legacy -I../Drivers/STM32F1xx_HAL_Driver/Inc -I../Drivers/CMSIS/Device/ST/STM32F1xx/Include -I../Drivers/CMSIS/Include -O0 -ffunction-sections -fdata-sections -Wall -fstack-usage -fcyclomatic-complexity -MMD -MP -MF"libraries/Drivers/STM32F1xx_HAL_Driver/Src/stm32f1xx_hal_tim_ex.d" -MT"libraries/Drivers/STM32F1xx_HAL_Driver/Src/stm32f1xx_hal_tim_ex.o" --specs=nano.specs -mfloat-abi=soft -mthumb -o "libraries/Drivers/STM32F1xx_HAL_Driver/Src/stm32f1xx_hal_tim_ex.o"
arm-none-eabi-gcc "E:/m144-m3-mini-board-stm32f103/libraries/Drivers/STM32F1xx_HAL_Driver/Src/stm32f1xx_hal_uart.c" -mcpu=cortex-m3 -std=gnu11 -g3 -DDEBUG -DUSE_HAL_DRIVER -DSTM32F103xE -c -I../Core/Inc -I../../../libraries/Drivers/STM32F1xx_HAL_Driver/Inc/Legacy -I../../../libraries/Drivers/STM32F1xx_HAL_Driver/Inc -I../../../libraries/Drivers/CMSIS/Device/ST/STM32F1xx/Include -I../../../libraries/Drivers/CMSIS/Include -I../BSP/LED -I../BSP/KEY -I../BSP/LCD -I../Drivers/STM32F1xx_HAL_Driver/Inc/Legacy -I../Drivers/STM32F1xx_HAL_Driver/Inc -I../Drivers/CMSIS/Device/ST/STM32F1xx/Include -I../Drivers/CMSIS/Include -O0 -ffunction-sections -fdata-sections -Wall -fstack-usage -fcyclomatic-complexity -MMD -MP -MF"libraries/Drivers/STM32F1xx_HAL_Driver/Src/stm32f1xx_hal_uart.d" -MT"libraries/Drivers/STM32F1xx_HAL_Driver/Src/stm32f1xx_hal_uart.o" --specs=nano.specs -mfloat-abi=soft -mthumb -o "libraries/Drivers/STM32F1xx_HAL_Driver/Src/stm32f1xx_hal_uart.o"
arm-none-eabi-gcc "E:/m144-m3-mini-board-stm32f103/libraries/Drivers/STM32F1xx_HAL_Driver/Src/stm32f1xx_hal_usart.c" -mcpu=cortex-m3 -std=gnu11 -g3 -DDEBUG -DUSE_HAL_DRIVER -DSTM32F103xE -c -I../Core/Inc -I../../../libraries/Drivers/STM32F1xx_HAL_Driver/Inc/Legacy -I../../../libraries/Drivers/STM32F1xx_HAL_Driver/Inc -I../../../libraries/Drivers/CMSIS/Device/ST/STM32F1xx/Include -I../../../libraries/Drivers/CMSIS/Include -I../BSP/LED -I../BSP/KEY -I../BSP/LCD -I../Drivers/STM32F1xx_HAL_Driver/Inc/Legacy -I../Drivers/STM32F1xx_HAL_Driver/Inc -I../Drivers/CMSIS/Device/ST/STM32F1xx/Include -I../Drivers/CMSIS/Include -O0 -ffunction-sections -fdata-sections -Wall -fstack-usage -fcyclomatic-complexity -MMD -MP -MF"libraries/Drivers/STM32F1xx_HAL_Driver/Src/stm32f1xx_hal_usart.d" -MT"libraries/Drivers/STM32F1xx_HAL_Driver/Src/stm32f1xx_hal_usart.o" --specs=nano.specs -mfloat-abi=soft -mthumb -o "libraries/Drivers/STM32F1xx_HAL_Driver/Src/stm32f1xx_hal_usart.o"
arm-none-eabi-gcc "E:/m144-m3-mini-board-stm32f103/libraries/Drivers/STM32F1xx_HAL_Driver/Src/stm32f1xx_hal_wwdg.c" -mcpu=cortex-m3 -std=gnu11 -g3 -DDEBUG -DUSE_HAL_DRIVER -DSTM32F103xE -c -I../Core/Inc -I../../../libraries/Drivers/STM32F1xx_HAL_Driver/Inc/Legacy -I../../../libraries/Drivers/STM32F1xx_HAL_Driver/Inc -I../../../libraries/Drivers/CMSIS/Device/ST/STM32F1xx/Include -I../../../libraries/Drivers/CMSIS/Include -I../BSP/LED -I../BSP/KEY -I../BSP/LCD -I../Drivers/STM32F1xx_HAL_Driver/Inc/Legacy -I../Drivers/STM32F1xx_HAL_Driver/Inc -I../Drivers/CMSIS/Device/ST/STM32F1xx/Include -I../Drivers/CMSIS/Include -O0 -ffunction-sections -fdata-sections -Wall -fstack-usage -fcyclomatic-complexity -MMD -MP -MF"libraries/Drivers/STM32F1xx_HAL_Driver/Src/stm32f1xx_hal_wwdg.d" -MT"libraries/Drivers/STM32F1xx_HAL_Driver/Src/stm32f1xx_hal_wwdg.o" --specs=nano.specs -mfloat-abi=soft -mthumb -o "libraries/Drivers/STM32F1xx_HAL_Driver/Src/stm32f1xx_hal_wwdg.o"
arm-none-eabi-gcc "E:/m144-m3-mini-board-stm32f103/libraries/Drivers/STM32F1xx_HAL_Driver/Src/stm32f1xx_ll_adc.c" -mcpu=cortex-m3 -std=gnu11 -g3 -DDEBUG -DUSE_HAL_DRIVER -DSTM32F103xE -c -I../Core/Inc -I../../../libraries/Drivers/STM32F1xx_HAL_Driver/Inc/Legacy -I../../../libraries/Drivers/STM32F1xx_HAL_Driver/Inc -I../../../libraries/Drivers/CMSIS/Device/ST/STM32F1xx/Include -I../../../libraries/Drivers/CMSIS/Include -I../BSP/LED -I../BSP/KEY -I../BSP/LCD -I../Drivers/STM32F1xx_HAL_Driver/Inc/Legacy -I../Drivers/STM32F1xx_HAL_Driver/Inc -I../Drivers/CMSIS/Device/ST/STM32F1xx/Include -I../Drivers/CMSIS/Include -O0 -ffunction-sections -fdata-sections -Wall -fstack-usage -fcyclomatic-complexity -MMD -MP -MF"libraries/Drivers/STM32F1xx_HAL_Driver/Src/stm32f1xx_ll_adc.d" -MT"libraries/Drivers/STM32F1xx_HAL_Driver/Src/stm32f1xx_ll_adc.o" --specs=nano.specs -mfloat-abi=soft -mthumb -o "libraries/Drivers/STM32F1xx_HAL_Driver/Src/stm32f1xx_ll_adc.o"
arm-none-eabi-gcc "E:/m144-m3-mini-board-stm32f103/libraries/Drivers/STM32F1xx_HAL_Driver/Src/stm32f1xx_ll_crc.c" -mcpu=cortex-m3 -std=gnu11 -g3 -DDEBUG -DUSE_HAL_DRIVER -DSTM32F103xE -c -I../Core/Inc -I../../../libraries/Drivers/STM32F1xx_HAL_Driver/Inc/Legacy -I../../../libraries/Drivers/STM32F1xx_HAL_Driver/Inc -I../../../libraries/Drivers/CMSIS/Device/ST/STM32F1xx/Include -I../../../libraries/Drivers/CMSIS/Include -I../BSP/LED -I../BSP/KEY -I../BSP/LCD -I../Drivers/STM32F1xx_HAL_Driver/Inc/Legacy -I../Drivers/STM32F1xx_HAL_Driver/Inc -I../Drivers/CMSIS/Device/ST/STM32F1xx/Include -I../Drivers/CMSIS/Include -O0 -ffunction-sections -fdata-sections -Wall -fstack-usage -fcyclomatic-complexity -MMD -MP -MF"libraries/Drivers/STM32F1xx_HAL_Driver/Src/stm32f1xx_ll_crc.d" -MT"libraries/Drivers/STM32F1xx_HAL_Driver/Src/stm32f1xx_ll_crc.o" --specs=nano.specs -mfloat-abi=soft -mthumb -o "libraries/Drivers/STM32F1xx_HAL_Driver/Src/stm32f1xx_ll_crc.o"
arm-none-eabi-gcc "E:/m144-m3-mini-board-stm32f103/libraries/Drivers/STM32F1xx_HAL_Driver/Src/stm32f1xx_ll_dac.c" -mcpu=cortex-m3 -std=gnu11 -g3 -DDEBUG -DUSE_HAL_DRIVER -DSTM32F103xE -c -I../Core/Inc -I../../../libraries/Drivers/STM32F1xx_HAL_Driver/Inc/Legacy -I../../../libraries/Drivers/STM32F1xx_HAL_Driver/Inc -I../../../libraries/Drivers/CMSIS/Device/ST/STM32F1xx/Include -I../../../libraries/Drivers/CMSIS/Include -I../BSP/LED -I../BSP/KEY -I../BSP/LCD -I../Drivers/STM32F1xx_HAL_Driver/Inc/Legacy -I../Drivers/STM32F1xx_HAL_Driver/Inc -I../Drivers/CMSIS/Device/ST/STM32F1xx/Include -I../Drivers/CMSIS/Include -O0 -ffunction-sections -fdata-sections -Wall -fstack-usage -fcyclomatic-complexity -MMD -MP -MF"libraries/Drivers/STM32F1xx_HAL_Driver/Src/stm32f1xx_ll_dac.d" -MT"libraries/Drivers/STM32F1xx_HAL_Driver/Src/stm32f1xx_ll_dac.o" --specs=nano.specs -mfloat-abi=soft -mthumb -o "libraries/Drivers/STM32F1xx_HAL_Driver/Src/stm32f1xx_ll_dac.o"
arm-none-eabi-gcc "E:/m144-m3-mini-board-stm32f103/libraries/Drivers/STM32F1xx_HAL_Driver/Src/stm32f1xx_ll_dma.c" -mcpu=cortex-m3 -std=gnu11 -g3 -DDEBUG -DUSE_HAL_DRIVER -DSTM32F103xE -c -I../Core/Inc -I../../../libraries/Drivers/STM32F1xx_HAL_Driver/Inc/Legacy -I../../../libraries/Drivers/STM32F1xx_HAL_Driver/Inc -I../../../libraries/Drivers/CMSIS/Device/ST/STM32F1xx/Include -I../../../libraries/Drivers/CMSIS/Include -I../BSP/LED -I../BSP/KEY -I../BSP/LCD -I../Drivers/STM32F1xx_HAL_Driver/Inc/Legacy -I../Drivers/STM32F1xx_HAL_Driver/Inc -I../Drivers/CMSIS/Device/ST/STM32F1xx/Include -I../Drivers/CMSIS/Include -O0 -ffunction-sections -fdata-sections -Wall -fstack-usage -fcyclomatic-complexity -MMD -MP -MF"libraries/Drivers/STM32F1xx_HAL_Driver/Src/stm32f1xx_ll_dma.d" -MT"libraries/Drivers/STM32F1xx_HAL_Driver/Src/stm32f1xx_ll_dma.o" --specs=nano.specs -mfloat-abi=soft -mthumb -o "libraries/Drivers/STM32F1xx_HAL_Driver/Src/stm32f1xx_ll_dma.o"
arm-none-eabi-gcc "E:/m144-m3-mini-board-stm32f103/libraries/Drivers/STM32F1xx_HAL_Driver/Src/stm32f1xx_ll_exti.c" -mcpu=cortex-m3 -std=gnu11 -g3 -DDEBUG -DUSE_HAL_DRIVER -DSTM32F103xE -c -I../Core/Inc -I../../../libraries/Drivers/STM32F1xx_HAL_Driver/Inc/Legacy -I../../../libraries/Drivers/STM32F1xx_HAL_Driver/Inc -I../../../libraries/Drivers/CMSIS/Device/ST/STM32F1xx/Include -I../../../libraries/Drivers/CMSIS/Include -I../BSP/LED -I../BSP/KEY -I../BSP/LCD -I../Drivers/STM32F1xx_HAL_Driver/Inc/Legacy -I../Drivers/STM32F1xx_HAL_Driver/Inc -I../Drivers/CMSIS/Device/ST/STM32F1xx/Include -I../Drivers/CMSIS/Include -O0 -ffunction-sections -fdata-sections -Wall -fstack-usage -fcyclomatic-complexity -MMD -MP -MF"libraries/Drivers/STM32F1xx_HAL_Driver/Src/stm32f1xx_ll_exti.d" -MT"libraries/Drivers/STM32F1xx_HAL_Driver/Src/stm32f1xx_ll_exti.o" --specs=nano.specs -mfloat-abi=soft -mthumb -o "libraries/Drivers/STM32F1xx_HAL_Driver/Src/stm32f1xx_ll_exti.o"
arm-none-eabi-gcc "E:/m144-m3-mini-board-stm32f103/libraries/Drivers/STM32F1xx_HAL_Driver/Src/stm32f1xx_ll_fsmc.c" -mcpu=cortex-m3 -std=gnu11 -g3 -DDEBUG -DUSE_HAL_DRIVER -DSTM32F103xE -c -I../Core/Inc -I../../../libraries/Drivers/STM32F1xx_HAL_Driver/Inc/Legacy -I../../../libraries/Drivers/STM32F1xx_HAL_Driver/Inc -I../../../libraries/Drivers/CMSIS/Device/ST/STM32F1xx/Include -I../../../libraries/Drivers/CMSIS/Include -I../BSP/LED -I../BSP/KEY -I../BSP/LCD -I../Drivers/STM32F1xx_HAL_Driver/Inc/Legacy -I../Drivers/STM32F1xx_HAL_Driver/Inc -I../Drivers/CMSIS/Device/ST/STM32F1xx/Include -I../Drivers/CMSIS/Include -O0 -ffunction-sections -fdata-sections -Wall -fstack-usage -fcyclomatic-complexity -MMD -MP -MF"libraries/Drivers/STM32F1xx_HAL_Driver/Src/stm32f1xx_ll_fsmc.d" -MT"libraries/Drivers/STM32F1xx_HAL_Driver/Src/stm32f1xx_ll_fsmc.o" --specs=nano.specs -mfloat-abi=soft -mthumb -o "libraries/Drivers/STM32F1xx_HAL_Driver/Src/stm32f1xx_ll_fsmc.o"
arm-none-eabi-gcc "E:/m144-m3-mini-board-stm32f103/libraries/Drivers/STM32F1xx_HAL_Driver/Src/stm32f1xx_ll_gpio.c" -mcpu=cortex-m3 -std=gnu11 -g3 -DDEBUG -DUSE_HAL_DRIVER -DSTM32F103xE -c -I../Core/Inc -I../../../libraries/Drivers/STM32F1xx_HAL_Driver/Inc/Legacy -I../../../libraries/Drivers/STM32F1xx_HAL_Driver/Inc -I../../../libraries/Drivers/CMSIS/Device/ST/STM32F1xx/Include -I../../../libraries/Drivers/CMSIS/Include -I../BSP/LED -I../BSP/KEY -I../BSP/LCD -I../Drivers/STM32F1xx_HAL_Driver/Inc/Legacy -I../Drivers/STM32F1xx_HAL_Driver/Inc -I../Drivers/CMSIS/Device/ST/STM32F1xx/Include -I../Drivers/CMSIS/Include -O0 -ffunction-sections -fdata-sections -Wall -fstack-usage -fcyclomatic-complexity -MMD -MP -MF"libraries/Drivers/STM32F1xx_HAL_Driver/Src/stm32f1xx_ll_gpio.d" -MT"libraries/Drivers/STM32F1xx_HAL_Driver/Src/stm32f1xx_ll_gpio.o" --specs=nano.specs -mfloat-abi=soft -mthumb -o "libraries/Drivers/STM32F1xx_HAL_Driver/Src/stm32f1xx_ll_gpio.o"
arm-none-eabi-gcc "E:/m144-m3-mini-board-stm32f103/libraries/Drivers/STM32F1xx_HAL_Driver/Src/stm32f1xx_ll_i2c.c" -mcpu=cortex-m3 -std=gnu11 -g3 -DDEBUG -DUSE_HAL_DRIVER -DSTM32F103xE -c -I../Core/Inc -I../../../libraries/Drivers/STM32F1xx_HAL_Driver/Inc/Legacy -I../../../libraries/Drivers/STM32F1xx_HAL_Driver/Inc -I../../../libraries/Drivers/CMSIS/Device/ST/STM32F1xx/Include -I../../../libraries/Drivers/CMSIS/Include -I../BSP/LED -I../BSP/KEY -I../BSP/LCD -I../Drivers/STM32F1xx_HAL_Driver/Inc/Legacy -I../Drivers/STM32F1xx_HAL_Driver/Inc -I../Drivers/CMSIS/Device/ST/STM32F1xx/Include -I../Drivers/CMSIS/Include -O0 -ffunction-sections -fdata-sections -Wall -fstack-usage -fcyclomatic-complexity -MMD -MP -MF"libraries/Drivers/STM32F1xx_HAL_Driver/Src/stm32f1xx_ll_i2c.d" -MT"libraries/Drivers/STM32F1xx_HAL_Driver/Src/stm32f1xx_ll_i2c.o" --specs=nano.specs -mfloat-abi=soft -mthumb -o "libraries/Drivers/STM32F1xx_HAL_Driver/Src/stm32f1xx_ll_i2c.o"
arm-none-eabi-gcc "E:/m144-m3-mini-board-stm32f103/libraries/Drivers/STM32F1xx_HAL_Driver/Src/stm32f1xx_ll_pwr.c" -mcpu=cortex-m3 -std=gnu11 -g3 -DDEBUG -DUSE_HAL_DRIVER -DSTM32F103xE -c -I../Core/Inc -I../../../libraries/Drivers/STM32F1xx_HAL_Driver/Inc/Legacy -I../../../libraries/Drivers/STM32F1xx_HAL_Driver/Inc -I../../../libraries/Drivers/CMSIS/Device/ST/STM32F1xx/Include -I../../../libraries/Drivers/CMSIS/Include -I../BSP/LED -I../BSP/KEY -I../BSP/LCD -I../Drivers/STM32F1xx_HAL_Driver/Inc/Legacy -I../Drivers/STM32F1xx_HAL_Driver/Inc -I../Drivers/CMSIS/Device/ST/STM32F1xx/Include -I../Drivers/CMSIS/Include -O0 -ffunction-sections -fdata-sections -Wall -fstack-usage -fcyclomatic-complexity -MMD -MP -MF"libraries/Drivers/STM32F1xx_HAL_Driver/Src/stm32f1xx_ll_pwr.d" -MT"libraries/Drivers/STM32F1xx_HAL_Driver/Src/stm32f1xx_ll_pwr.o" --specs=nano.specs -mfloat-abi=soft -mthumb -o "libraries/Drivers/STM32F1xx_HAL_Driver/Src/stm32f1xx_ll_pwr.o"
arm-none-eabi-gcc "E:/m144-m3-mini-board-stm32f103/libraries/Drivers/STM32F1xx_HAL_Driver/Src/stm32f1xx_ll_rcc.c" -mcpu=cortex-m3 -std=gnu11 -g3 -DDEBUG -DUSE_HAL_DRIVER -DSTM32F103xE -c -I../Core/Inc -I../../../libraries/Drivers/STM32F1xx_HAL_Driver/Inc/Legacy -I../../../libraries/Drivers/STM32F1xx_HAL_Driver/Inc -I../../../libraries/Drivers/CMSIS/Device/ST/STM32F1xx/Include -I../../../libraries/Drivers/CMSIS/Include -I../BSP/LED -I../BSP/KEY -I../BSP/LCD -I../Drivers/STM32F1xx_HAL_Driver/Inc/Legacy -I../Drivers/STM32F1xx_HAL_Driver/Inc -I../Drivers/CMSIS/Device/ST/STM32F1xx/Include -I../Drivers/CMSIS/Include -O0 -ffunction-sections -fdata-sections -Wall -fstack-usage -fcyclomatic-complexity -MMD -MP -MF"libraries/Drivers/STM32F1xx_HAL_Driver/Src/stm32f1xx_ll_rcc.d" -MT"libraries/Drivers/STM32F1xx_HAL_Driver/Src/stm32f1xx_ll_rcc.o" --specs=nano.specs -mfloat-abi=soft -mthumb -o "libraries/Drivers/STM32F1xx_HAL_Driver/Src/stm32f1xx_ll_rcc.o"
arm-none-eabi-gcc "E:/m144-m3-mini-board-stm32f103/libraries/Drivers/STM32F1xx_HAL_Driver/Src/stm32f1xx_ll_rtc.c" -mcpu=cortex-m3 -std=gnu11 -g3 -DDEBUG -DUSE_HAL_DRIVER -DSTM32F103xE -c -I../Core/Inc -I../../../libraries/Drivers/STM32F1xx_HAL_Driver/Inc/Legacy -I../../../libraries/Drivers/STM32F1xx_HAL_Driver/Inc -I../../../libraries/Drivers/CMSIS/Device/ST/STM32F1xx/Include -I../../../libraries/Drivers/CMSIS/Include -I../BSP/LED -I../BSP/KEY -I../BSP/LCD -I../Drivers/STM32F1xx_HAL_Driver/Inc/Legacy -I../Drivers/STM32F1xx_HAL_Driver/Inc -I../Drivers/CMSIS/Device/ST/STM32F1xx/Include -I../Drivers/CMSIS/Include -O0 -ffunction-sections -fdata-sections -Wall -fstack-usage -fcyclomatic-complexity -MMD -MP -MF"libraries/Drivers/STM32F1xx_HAL_Driver/Src/stm32f1xx_ll_rtc.d" -MT"libraries/Drivers/STM32F1xx_HAL_Driver/Src/stm32f1xx_ll_rtc.o" --specs=nano.specs -mfloat-abi=soft -mthumb -o "libraries/Drivers/STM32F1xx_HAL_Driver/Src/stm32f1xx_ll_rtc.o"
arm-none-eabi-gcc "E:/m144-m3-mini-board-stm32f103/libraries/Drivers/STM32F1xx_HAL_Driver/Src/stm32f1xx_ll_sdmmc.c" -mcpu=cortex-m3 -std=gnu11 -g3 -DDEBUG -DUSE_HAL_DRIVER -DSTM32F103xE -c -I../Core/Inc -I../../../libraries/Drivers/STM32F1xx_HAL_Driver/Inc/Legacy -I../../../libraries/Drivers/STM32F1xx_HAL_Driver/Inc -I../../../libraries/Drivers/CMSIS/Device/ST/STM32F1xx/Include -I../../../libraries/Drivers/CMSIS/Include -I../BSP/LED -I../BSP/KEY -I../BSP/LCD -I../Drivers/STM32F1xx_HAL_Driver/Inc/Legacy -I../Drivers/STM32F1xx_HAL_Driver/Inc -I../Drivers/CMSIS/Device/ST/STM32F1xx/Include -I../Drivers/CMSIS/Include -O0 -ffunction-sections -fdata-sections -Wall -fstack-usage -fcyclomatic-complexity -MMD -MP -MF"libraries/Drivers/STM32F1xx_HAL_Driver/Src/stm32f1xx_ll_sdmmc.d" -MT"libraries/Drivers/STM32F1xx_HAL_Driver/Src/stm32f1xx_ll_sdmmc.o" --specs=nano.specs -mfloat-abi=soft -mthumb -o "libraries/Drivers/STM32F1xx_HAL_Driver/Src/stm32f1xx_ll_sdmmc.o"
arm-none-eabi-gcc "E:/m144-m3-mini-board-stm32f103/libraries/Drivers/STM32F1xx_HAL_Driver/Src/stm32f1xx_ll_spi.c" -mcpu=cortex-m3 -std=gnu11 -g3 -DDEBUG -DUSE_HAL_DRIVER -DSTM32F103xE -c -I../Core/Inc -I../../../libraries/Drivers/STM32F1xx_HAL_Driver/Inc/Legacy -I../../../libraries/Drivers/STM32F1xx_HAL_Driver/Inc -I../../../libraries/Drivers/CMSIS/Device/ST/STM32F1xx/Include -I../../../libraries/Drivers/CMSIS/Include -I../BSP/LED -I../BSP/KEY -I../BSP/LCD -I../Drivers/STM32F1xx_HAL_Driver/Inc/Legacy -I../Drivers/STM32F1xx_HAL_Driver/Inc -I../Drivers/CMSIS/Device/ST/STM32F1xx/Include -I../Drivers/CMSIS/Include -O0 -ffunction-sections -fdata-sections -Wall -fstack-usage -fcyclomatic-complexity -MMD -MP -MF"libraries/Drivers/STM32F1xx_HAL_Driver/Src/stm32f1xx_ll_spi.d" -MT"libraries/Drivers/STM32F1xx_HAL_Driver/Src/stm32f1xx_ll_spi.o" --specs=nano.specs -mfloat-abi=soft -mthumb -o "libraries/Drivers/STM32F1xx_HAL_Driver/Src/stm32f1xx_ll_spi.o"
arm-none-eabi-gcc "E:/m144-m3-mini-board-stm32f103/libraries/Drivers/STM32F1xx_HAL_Driver/Src/stm32f1xx_ll_tim.c" -mcpu=cortex-m3 -std=gnu11 -g3 -DDEBUG -DUSE_HAL_DRIVER -DSTM32F103xE -c -I../Core/Inc -I../../../libraries/Drivers/STM32F1xx_HAL_Driver/Inc/Legacy -I../../../libraries/Drivers/STM32F1xx_HAL_Driver/Inc -I../../../libraries/Drivers/CMSIS/Device/ST/STM32F1xx/Include -I../../../libraries/Drivers/CMSIS/Include -I../BSP/LED -I../BSP/KEY -I../BSP/LCD -I../Drivers/STM32F1xx_HAL_Driver/Inc/Legacy -I../Drivers/STM32F1xx_HAL_Driver/Inc -I../Drivers/CMSIS/Device/ST/STM32F1xx/Include -I../Drivers/CMSIS/Include -O0 -ffunction-sections -fdata-sections -Wall -fstack-usage -fcyclomatic-complexity -MMD -MP -MF"libraries/Drivers/STM32F1xx_HAL_Driver/Src/stm32f1xx_ll_tim.d" -MT"libraries/Drivers/STM32F1xx_HAL_Driver/Src/stm32f1xx_ll_tim.o" --specs=nano.specs -mfloat-abi=soft -mthumb -o "libraries/Drivers/STM32F1xx_HAL_Driver/Src/stm32f1xx_ll_tim.o"
arm-none-eabi-gcc "E:/m144-m3-mini-board-stm32f103/libraries/Drivers/STM32F1xx_HAL_Driver/Src/stm32f1xx_ll_usart.c" -mcpu=cortex-m3 -std=gnu11 -g3 -DDEBUG -DUSE_HAL_DRIVER -DSTM32F103xE -c -I../Core/Inc -I../../../libraries/Drivers/STM32F1xx_HAL_Driver/Inc/Legacy -I../../../libraries/Drivers/STM32F1xx_HAL_Driver/Inc -I../../../libraries/Drivers/CMSIS/Device/ST/STM32F1xx/Include -I../../../libraries/Drivers/CMSIS/Include -I../BSP/LED -I../BSP/KEY -I../BSP/LCD -I../Drivers/STM32F1xx_HAL_Driver/Inc/Legacy -I../Drivers/STM32F1xx_HAL_Driver/Inc -I../Drivers/CMSIS/Device/ST/STM32F1xx/Include -I../Drivers/CMSIS/Include -O0 -ffunction-sections -fdata-sections -Wall -fstack-usage -fcyclomatic-complexity -MMD -MP -MF"libraries/Drivers/STM32F1xx_HAL_Driver/Src/stm32f1xx_ll_usart.d" -MT"libraries/Drivers/STM32F1xx_HAL_Driver/Src/stm32f1xx_ll_usart.o" --specs=nano.specs -mfloat-abi=soft -mthumb -o "libraries/Drivers/STM32F1xx_HAL_Driver/Src/stm32f1xx_ll_usart.o"
arm-none-eabi-gcc "E:/m144-m3-mini-board-stm32f103/libraries/Drivers/STM32F1xx_HAL_Driver/Src/stm32f1xx_ll_usb.c" -mcpu=cortex-m3 -std=gnu11 -g3 -DDEBUG -DUSE_HAL_DRIVER -DSTM32F103xE -c -I../Core/Inc -I../../../libraries/Drivers/STM32F1xx_HAL_Driver/Inc/Legacy -I../../../libraries/Drivers/STM32F1xx_HAL_Driver/Inc -I../../../libraries/Drivers/CMSIS/Device/ST/STM32F1xx/Include -I../../../libraries/Drivers/CMSIS/Include -I../BSP/LED -I../BSP/KEY -I../BSP/LCD -I../Drivers/STM32F1xx_HAL_Driver/Inc/Legacy -I../Drivers/STM32F1xx_HAL_Driver/Inc -I../Drivers/CMSIS/Device/ST/STM32F1xx/Include -I../Drivers/CMSIS/Include -O0 -ffunction-sections -fdata-sections -Wall -fstack-usage -fcyclomatic-complexity -MMD -MP -MF"libraries/Drivers/STM32F1xx_HAL_Driver/Src/stm32f1xx_ll_usb.d" -MT"libraries/Drivers/STM32F1xx_HAL_Driver/Src/stm32f1xx_ll_usb.o" --specs=nano.specs -mfloat-abi=soft -mthumb -o "libraries/Drivers/STM32F1xx_HAL_Driver/Src/stm32f1xx_ll_usb.o"
arm-none-eabi-gcc "E:/m144-m3-mini-board-stm32f103/libraries/Drivers/STM32F1xx_HAL_Driver/Src/stm32f1xx_ll_utils.c" -mcpu=cortex-m3 -std=gnu11 -g3 -DDEBUG -DUSE_HAL_DRIVER -DSTM32F103xE -c -I../Core/Inc -I../../../libraries/Drivers/STM32F1xx_HAL_Driver/Inc/Legacy -I../../../libraries/Drivers/STM32F1xx_HAL_Driver/Inc -I../../../libraries/Drivers/CMSIS/Device/ST/STM32F1xx/Include -I../../../libraries/Drivers/CMSIS/Include -I../BSP/LED -I../BSP/KEY -I../BSP/LCD -I../Drivers/STM32F1xx_HAL_Driver/Inc/Legacy -I../Drivers/STM32F1xx_HAL_Driver/Inc -I../Drivers/CMSIS/Device/ST/STM32F1xx/Include -I../Drivers/CMSIS/Include -O0 -ffunction-sections -fdata-sections -Wall -fstack-usage -fcyclomatic-complexity -MMD -MP -MF"libraries/Drivers/STM32F1xx_HAL_Driver/Src/stm32f1xx_ll_utils.d" -MT"libraries/Drivers/STM32F1xx_HAL_Driver/Src/stm32f1xx_ll_utils.o" --specs=nano.specs -mfloat-abi=soft -mthumb -o "libraries/Drivers/STM32F1xx_HAL_Driver/Src/stm32f1xx_ll_utils.o"
arm-none-eabi-gcc -mcpu=cortex-m3 -g3 -DDEBUG -c -x assembler-with-cpp -MMD -MP -MF"Core/Startup/startup_stm32f103zetx.d" -MT"Core/Startup/startup_stm32f103zetx.o" --specs=nano.specs -mfloat-abi=soft -mthumb -o "Core/Startup/startup_stm32f103zetx.o" "../Core/Startup/startup_stm32f103zetx.s"
arm-none-eabi-gcc "../Core/Src/adc.c" -mcpu=cortex-m3 -std=gnu11 -g3 -DDEBUG -DUSE_HAL_DRIVER -DSTM32F103xE -c -I../Core/Inc -I../../../libraries/Drivers/STM32F1xx_HAL_Driver/Inc/Legacy -I../../../libraries/Drivers/STM32F1xx_HAL_Driver/Inc -I../../../libraries/Drivers/CMSIS/Device/ST/STM32F1xx/Include -I../../../libraries/Drivers/CMSIS/Include -I../BSP/LED -I../BSP/KEY -I../BSP/LCD -I../Drivers/STM32F1xx_HAL_Driver/Inc/Legacy -I../Drivers/STM32F1xx_HAL_Driver/Inc -I../Drivers/CMSIS/Device/ST/STM32F1xx/Include -I../Drivers/CMSIS/Include -O0 -ffunction-sections -fdata-sections -Wall -fstack-usage -fcyclomatic-complexity -MMD -MP -MF"Core/Src/adc.d" -MT"Core/Src/adc.o" --specs=nano.specs -mfloat-abi=soft -mthumb -o "Core/Src/adc.o"
arm-none-eabi-gcc "../Core/Src/dma.c" -mcpu=cortex-m3 -std=gnu11 -g3 -DDEBUG -DUSE_HAL_DRIVER -DSTM32F103xE -c -I../Core/Inc -I../../../libraries/Drivers/STM32F1xx_HAL_Driver/Inc/Legacy -I../../../libraries/Drivers/STM32F1xx_HAL_Driver/Inc -I../../../libraries/Drivers/CMSIS/Device/ST/STM32F1xx/Include -I../../../libraries/Drivers/CMSIS/Include -I../BSP/LED -I../BSP/KEY -I../BSP/LCD -I../Drivers/STM32F1xx_HAL_Driver/Inc/Legacy -I../Drivers/STM32F1xx_HAL_Driver/Inc -I../Drivers/CMSIS/Device/ST/STM32F1xx/Include -I../Drivers/CMSIS/Include -O0 -ffunction-sections -fdata-sections -Wall -fstack-usage -fcyclomatic-complexity -MMD -MP -MF"Core/Src/dma.d" -MT"Core/Src/dma.o" --specs=nano.specs -mfloat-abi=soft -mthumb -o "Core/Src/dma.o"
arm-none-eabi-gcc "../Core/Src/fsmc.c" -mcpu=cortex-m3 -std=gnu11 -g3 -DDEBUG -DUSE_HAL_DRIVER -DSTM32F103xE -c -I../Core/Inc -I../../../libraries/Drivers/STM32F1xx_HAL_Driver/Inc/Legacy -I../../../libraries/Drivers/STM32F1xx_HAL_Driver/Inc -I../../../libraries/Drivers/CMSIS/Device/ST/STM32F1xx/Include -I../../../libraries/Drivers/CMSIS/Include -I../BSP/LED -I../BSP/KEY -I../BSP/LCD -I../Drivers/STM32F1xx_HAL_Driver/Inc/Legacy -I../Drivers/STM32F1xx_HAL_Driver/Inc -I../Drivers/CMSIS/Device/ST/STM32F1xx/Include -I../Drivers/CMSIS/Include -O0 -ffunction-sections -fdata-sections -Wall -fstack-usage -fcyclomatic-complexity -MMD -MP -MF"Core/Src/fsmc.d" -MT"Core/Src/fsmc.o" --specs=nano.specs -mfloat-abi=soft -mthumb -o "Core/Src/fsmc.o"
arm-none-eabi-gcc "../Core/Src/gpio.c" -mcpu=cortex-m3 -std=gnu11 -g3 -DDEBUG -DUSE_HAL_DRIVER -DSTM32F103xE -c -I../Core/Inc -I../../../libraries/Drivers/STM32F1xx_HAL_Driver/Inc/Legacy -I../../../libraries/Drivers/STM32F1xx_HAL_Driver/Inc -I../../../libraries/Drivers/CMSIS/Device/ST/STM32F1xx/Include -I../../../libraries/Drivers/CMSIS/Include -I../BSP/LED -I../BSP/KEY -I../BSP/LCD -I../Drivers/STM32F1xx_HAL_Driver/Inc/Legacy -I../Drivers/STM32F1xx_HAL_Driver/Inc -I../Drivers/CMSIS/Device/ST/STM32F1xx/Include -I../Drivers/CMSIS/Include -O0 -ffunction-sections -fdata-sections -Wall -fstack-usage -fcyclomatic-complexity -MMD -MP -MF"Core/Src/gpio.d" -MT"Core/Src/gpio.o" --specs=nano.specs -mfloat-abi=soft -mthumb -o "Core/Src/gpio.o"
arm-none-eabi-gcc "../Core/Src/main.c" -mcpu=cortex-m3 -std=gnu11 -g3 -DDEBUG -DUSE_HAL_DRIVER -DSTM32F103xE -c -I../Core/Inc -I../../../libraries/Drivers/STM32F1xx_HAL_Driver/Inc/Legacy -I../../../libraries/Drivers/STM32F1xx_HAL_Driver/Inc -I../../../libraries/Drivers/CMSIS/Device/ST/STM32F1xx/Include -I../../../libraries/Drivers/CMSIS/Include -I../BSP/LED -I../BSP/KEY -I../BSP/LCD -I../Drivers/STM32F1xx_HAL_Driver/Inc/Legacy -I../Drivers/STM32F1xx_HAL_Driver/Inc -I../Drivers/CMSIS/Device/ST/STM32F1xx/Include -I../Drivers/CMSIS/Include -O0 -ffunction-sections -fdata-sections -Wall -fstack-usage -fcyclomatic-complexity -MMD -MP -MF"Core/Src/main.d" -MT"Core/Src/main.o" --specs=nano.specs -mfloat-abi=soft -mthumb -o "Core/Src/main.o"
arm-none-eabi-gcc "../Core/Src/stm32f1xx_hal_msp.c" -mcpu=cortex-m3 -std=gnu11 -g3 -DDEBUG -DUSE_HAL_DRIVER -DSTM32F103xE -c -I../Core/Inc -I../../../libraries/Drivers/STM32F1xx_HAL_Driver/Inc/Legacy -I../../../libraries/Drivers/STM32F1xx_HAL_Driver/Inc -I../../../libraries/Drivers/CMSIS/Device/ST/STM32F1xx/Include -I../../../libraries/Drivers/CMSIS/Include -I../BSP/LED -I../BSP/KEY -I../BSP/LCD -I../Drivers/STM32F1xx_HAL_Driver/Inc/Legacy -I../Drivers/STM32F1xx_HAL_Driver/Inc -I../Drivers/CMSIS/Device/ST/STM32F1xx/Include -I../Drivers/CMSIS/Include -O0 -ffunction-sections -fdata-sections -Wall -fstack-usage -fcyclomatic-complexity -MMD -MP -MF"Core/Src/stm32f1xx_hal_msp.d" -MT"Core/Src/stm32f1xx_hal_msp.o" --specs=nano.specs -mfloat-abi=soft -mthumb -o "Core/Src/stm32f1xx_hal_msp.o"
arm-none-eabi-gcc "../Core/Src/stm32f1xx_it.c" -mcpu=cortex-m3 -std=gnu11 -g3 -DDEBUG -DUSE_HAL_DRIVER -DSTM32F103xE -c -I../Core/Inc -I../../../libraries/Drivers/STM32F1xx_HAL_Driver/Inc/Legacy -I../../../libraries/Drivers/STM32F1xx_HAL_Driver/Inc -I../../../libraries/Drivers/CMSIS/Device/ST/STM32F1xx/Include -I../../../libraries/Drivers/CMSIS/Include -I../BSP/LED -I../BSP/KEY -I../BSP/LCD -I../Drivers/STM32F1xx_HAL_Driver/Inc/Legacy -I../Drivers/STM32F1xx_HAL_Driver/Inc -I../Drivers/CMSIS/Device/ST/STM32F1xx/Include -I../Drivers/CMSIS/Include -O0 -ffunction-sections -fdata-sections -Wall -fstack-usage -fcyclomatic-complexity -MMD -MP -MF"Core/Src/stm32f1xx_it.d" -MT"Core/Src/stm32f1xx_it.o" --specs=nano.specs -mfloat-abi=soft -mthumb -o "Core/Src/stm32f1xx_it.o"
arm-none-eabi-gcc "../Core/Src/syscalls.c" -mcpu=cortex-m3 -std=gnu11 -g3 -DDEBUG -DUSE_HAL_DRIVER -DSTM32F103xE -c -I../Core/Inc -I../../../libraries/Drivers/STM32F1xx_HAL_Driver/Inc/Legacy -I../../../libraries/Drivers/STM32F1xx_HAL_Driver/Inc -I../../../libraries/Drivers/CMSIS/Device/ST/STM32F1xx/Include -I../../../libraries/Drivers/CMSIS/Include -I../BSP/LED -I../BSP/KEY -I../BSP/LCD -I../Drivers/STM32F1xx_HAL_Driver/Inc/Legacy -I../Drivers/STM32F1xx_HAL_Driver/Inc -I../Drivers/CMSIS/Device/ST/STM32F1xx/Include -I../Drivers/CMSIS/Include -O0 -ffunction-sections -fdata-sections -Wall -fstack-usage -fcyclomatic-complexity -MMD -MP -MF"Core/Src/syscalls.d" -MT"Core/Src/syscalls.o" --specs=nano.specs -mfloat-abi=soft -mthumb -o "Core/Src/syscalls.o"
arm-none-eabi-gcc "../Core/Src/sysmem.c" -mcpu=cortex-m3 -std=gnu11 -g3 -DDEBUG -DUSE_HAL_DRIVER -DSTM32F103xE -c -I../Core/Inc -I../../../libraries/Drivers/STM32F1xx_HAL_Driver/Inc/Legacy -I../../../libraries/Drivers/STM32F1xx_HAL_Driver/Inc -I../../../libraries/Drivers/CMSIS/Device/ST/STM32F1xx/Include -I../../../libraries/Drivers/CMSIS/Include -I../BSP/LED -I../BSP/KEY -I../BSP/LCD -I../Drivers/STM32F1xx_HAL_Driver/Inc/Legacy -I../Drivers/STM32F1xx_HAL_Driver/Inc -I../Drivers/CMSIS/Device/ST/STM32F1xx/Include -I../Drivers/CMSIS/Include -O0 -ffunction-sections -fdata-sections -Wall -fstack-usage -fcyclomatic-complexity -MMD -MP -MF"Core/Src/sysmem.d" -MT"Core/Src/sysmem.o" --specs=nano.specs -mfloat-abi=soft -mthumb -o "Core/Src/sysmem.o"
arm-none-eabi-gcc "../Core/Src/system_stm32f1xx.c" -mcpu=cortex-m3 -std=gnu11 -g3 -DDEBUG -DUSE_HAL_DRIVER -DSTM32F103xE -c -I../Core/Inc -I../../../libraries/Drivers/STM32F1xx_HAL_Driver/Inc/Legacy -I../../../libraries/Drivers/STM32F1xx_HAL_Driver/Inc -I../../../libraries/Drivers/CMSIS/Device/ST/STM32F1xx/Include -I../../../libraries/Drivers/CMSIS/Include -I../BSP/LED -I../BSP/KEY -I../BSP/LCD -I../Drivers/STM32F1xx_HAL_Driver/Inc/Legacy -I../Drivers/STM32F1xx_HAL_Driver/Inc -I../Drivers/CMSIS/Device/ST/STM32F1xx/Include -I../Drivers/CMSIS/Include -O0 -ffunction-sections -fdata-sections -Wall -fstack-usage -fcyclomatic-complexity -MMD -MP -MF"Core/Src/system_stm32f1xx.d" -MT"Core/Src/system_stm32f1xx.o" --specs=nano.specs -mfloat-abi=soft -mthumb -o "Core/Src/system_stm32f1xx.o"
arm-none-eabi-gcc "../Core/Src/usart.c" -mcpu=cortex-m3 -std=gnu11 -g3 -DDEBUG -DUSE_HAL_DRIVER -DSTM32F103xE -c -I../Core/Inc -I../../../libraries/Drivers/STM32F1xx_HAL_Driver/Inc/Legacy -I../../../libraries/Drivers/STM32F1xx_HAL_Driver/Inc -I../../../libraries/Drivers/CMSIS/Device/ST/STM32F1xx/Include -I../../../libraries/Drivers/CMSIS/Include -I../BSP/LED -I../BSP/KEY -I../BSP/LCD -I../Drivers/STM32F1xx_HAL_Driver/Inc/Legacy -I../Drivers/STM32F1xx_HAL_Driver/Inc -I../Drivers/CMSIS/Device/ST/STM32F1xx/Include -I../Drivers/CMSIS/Include -O0 -ffunction-sections -fdata-sections -Wall -fstack-usage -fcyclomatic-complexity -MMD -MP -MF"Core/Src/usart.d" -MT"Core/Src/usart.o" --specs=nano.specs -mfloat-abi=soft -mthumb -o "Core/Src/usart.o"
arm-none-eabi-gcc "../BSP/LED/led.c" -mcpu=cortex-m3 -std=gnu11 -g3 -DDEBUG -DUSE_HAL_DRIVER -DSTM32F103xE -c -I../Core/Inc -I../../../libraries/Drivers/STM32F1xx_HAL_Driver/Inc/Legacy -I../../../libraries/Drivers/STM32F1xx_HAL_Driver/Inc -I../../../libraries/Drivers/CMSIS/Device/ST/STM32F1xx/Include -I../../../libraries/Drivers/CMSIS/Include -I../BSP/LED -I../BSP/KEY -I../BSP/LCD -I../Drivers/STM32F1xx_HAL_Driver/Inc/Legacy -I../Drivers/STM32F1xx_HAL_Driver/Inc -I../Drivers/CMSIS/Device/ST/STM32F1xx/Include -I../Drivers/CMSIS/Include -O0 -ffunction-sections -fdata-sections -Wall -fstack-usage -fcyclomatic-complexity -MMD -MP -MF"BSP/LED/led.d" -MT"BSP/LED/led.o" --specs=nano.specs -mfloat-abi=soft -mthumb -o "BSP/LED/led.o"
arm-none-eabi-gcc "../BSP/LCD/lcd.c" -mcpu=cortex-m3 -std=gnu11 -g3 -DDEBUG -DUSE_HAL_DRIVER -DSTM32F103xE -c -I../Core/Inc -I../../../libraries/Drivers/STM32F1xx_HAL_Driver/Inc/Legacy -I../../../libraries/Drivers/STM32F1xx_HAL_Driver/Inc -I../../../libraries/Drivers/CMSIS/Device/ST/STM32F1xx/Include -I../../../libraries/Drivers/CMSIS/Include -I../BSP/LED -I../BSP/KEY -I../BSP/LCD -I../Drivers/STM32F1xx_HAL_Driver/Inc/Legacy -I../Drivers/STM32F1xx_HAL_Driver/Inc -I../Drivers/CMSIS/Device/ST/STM32F1xx/Include -I../Drivers/CMSIS/Include -O0 -ffunction-sections -fdata-sections -Wall -fstack-usage -fcyclomatic-complexity -MMD -MP -MF"BSP/LCD/lcd.d" -MT"BSP/LCD/lcd.o" --specs=nano.specs -mfloat-abi=soft -mthumb -o "BSP/LCD/lcd.o"
arm-none-eabi-gcc "../BSP/KEY/key.c" -mcpu=cortex-m3 -std=gnu11 -g3 -DDEBUG -DUSE_HAL_DRIVER -DSTM32F103xE -c -I../Core/Inc -I../../../libraries/Drivers/STM32F1xx_HAL_Driver/Inc/Legacy -I../../../libraries/Drivers/STM32F1xx_HAL_Driver/Inc -I../../../libraries/Drivers/CMSIS/Device/ST/STM32F1xx/Include -I../../../libraries/Drivers/CMSIS/Include -I../BSP/LED -I../BSP/KEY -I../BSP/LCD -I../Drivers/STM32F1xx_HAL_Driver/Inc/Legacy -I../Drivers/STM32F1xx_HAL_Driver/Inc -I../Drivers/CMSIS/Device/ST/STM32F1xx/Include -I../Drivers/CMSIS/Include -O0 -ffunction-sections -fdata-sections -Wall -fstack-usage -fcyclomatic-complexity -MMD -MP -MF"BSP/KEY/key.d" -MT"BSP/KEY/key.o" --specs=nano.specs -mfloat-abi=soft -mthumb -o "BSP/KEY/key.o"
../BSP/LCD/lcd.c: In function 'lcd_init':
../BSP/LCD/lcd.c:692:5: warning: implicit declaration of function 'printf' [-Wimplicit-function-declaration]
  692 |     printf("LCD ID:%x\r\n", lcddev.id); /* ��ӡLCD ID */
      |     ^~~~~~
../BSP/LCD/lcd.c:43:1: note: include '<stdio.h>' or provide a declaration of 'printf'
   42 | #include "lcd_ex.c"
  +++ |+#include <stdio.h>
   43 | 
../BSP/LCD/lcd.c:692:5: warning: incompatible implicit declaration of built-in function 'printf' [-Wbuiltin-declaration-mismatch]
  692 |     printf("LCD ID:%x\r\n", lcddev.id); /* ��ӡLCD ID */
      |     ^~~~~~
../BSP/LCD/lcd.c:692:5: note: include '<stdio.h>' or provide a declaration of 'printf'
arm-none-eabi-gcc -o "15_3_adc_dma_multi_channel.elf" @"objects.list"   -mcpu=cortex-m3 -T"E:\m144-m3-mini-board-stm32f103\example\15_3_adc_dma_multi_channel\STM32F103ZETX_FLASH.ld" --specs=nosys.specs -Wl,-Map="15_3_adc_dma_multi_channel.map" -Wl,--gc-sections -static --specs=nano.specs -mfloat-abi=soft -mthumb -u _printf_float -Wl,--start-group -lc -lm -Wl,--end-group
Finished building target: 15_3_adc_dma_multi_channel.elf
 
arm-none-eabi-size  15_3_adc_dma_multi_channel.elf 
arm-none-eabi-objdump -h -S 15_3_adc_dma_multi_channel.elf  > "15_3_adc_dma_multi_channel.list"
arm-none-eabi-objcopy  -O ihex 15_3_adc_dma_multi_channel.elf  "15_3_adc_dma_multi_channel.hex"
arm-none-eabi-objcopy  -O binary 15_3_adc_dma_multi_channel.elf  "15_3_adc_dma_multi_channel.bin"
   text	   data	    bss	    dec	    hex	filename
  58480	    480	   2896	  61856	   f1a0	15_3_adc_dma_multi_channel.elf
Finished building: default.size.stdout
 
Finished building: 15_3_adc_dma_multi_channel.hex
Finished building: 15_3_adc_dma_multi_channel.bin
Finished building: 15_3_adc_dma_multi_channel.list
 
 
 

12:26:14 Build Finished. 0 errors, 2 warnings. (took 6s.371ms)

